Archive member included to satisfy reference by file (symbol)

/usr/lib/gcc/arm-none-eabi/4.9.3/armv7-m/libgcc.a(_lshrdi3.o)
                              Drivers/STM32F1xx_HAL_Driver/Src/stm32f1xx_hal_flash.o (__aeabi_llsr)
/usr/lib/gcc/arm-none-eabi/4.9.3/../../../arm-none-eabi/lib/armv7-m/libc_nano.a(lib_a-atexit.o)
                              /usr/lib/gcc/arm-none-eabi/4.9.3/../../../arm-none-eabi/lib/armv7-m/crt0.o (atexit)
/usr/lib/gcc/arm-none-eabi/4.9.3/../../../arm-none-eabi/lib/armv7-m/libc_nano.a(lib_a-exit.o)
                              /usr/lib/gcc/arm-none-eabi/4.9.3/../../../arm-none-eabi/lib/armv7-m/crt0.o (exit)
/usr/lib/gcc/arm-none-eabi/4.9.3/../../../arm-none-eabi/lib/armv7-m/libc_nano.a(lib_a-fini.o)
                              /usr/lib/gcc/arm-none-eabi/4.9.3/../../../arm-none-eabi/lib/armv7-m/crt0.o (__libc_fini_array)
/usr/lib/gcc/arm-none-eabi/4.9.3/../../../arm-none-eabi/lib/armv7-m/libc_nano.a(lib_a-impure.o)
                              /usr/lib/gcc/arm-none-eabi/4.9.3/../../../arm-none-eabi/lib/armv7-m/libc_nano.a(lib_a-exit.o) (_global_impure_ptr)
/usr/lib/gcc/arm-none-eabi/4.9.3/../../../arm-none-eabi/lib/armv7-m/libc_nano.a(lib_a-init.o)
                              /usr/lib/gcc/arm-none-eabi/4.9.3/../../../arm-none-eabi/lib/armv7-m/crt0.o (__libc_init_array)
/usr/lib/gcc/arm-none-eabi/4.9.3/../../../arm-none-eabi/lib/armv7-m/libc_nano.a(lib_a-malloc.o)
                              Src/usbd_conf.o (free)
/usr/lib/gcc/arm-none-eabi/4.9.3/../../../arm-none-eabi/lib/armv7-m/libc_nano.a(lib_a-memset.o)
                              /usr/lib/gcc/arm-none-eabi/4.9.3/../../../arm-none-eabi/lib/armv7-m/crt0.o (memset)
/usr/lib/gcc/arm-none-eabi/4.9.3/../../../arm-none-eabi/lib/armv7-m/libc_nano.a(lib_a-nano-freer.o)
                              /usr/lib/gcc/arm-none-eabi/4.9.3/../../../arm-none-eabi/lib/armv7-m/libc_nano.a(lib_a-malloc.o) (_free_r)
/usr/lib/gcc/arm-none-eabi/4.9.3/../../../arm-none-eabi/lib/armv7-m/libc_nano.a(lib_a-nano-mallocr.o)
                              /usr/lib/gcc/arm-none-eabi/4.9.3/../../../arm-none-eabi/lib/armv7-m/libc_nano.a(lib_a-malloc.o) (_malloc_r)
/usr/lib/gcc/arm-none-eabi/4.9.3/../../../arm-none-eabi/lib/armv7-m/libc_nano.a(lib_a-sbrkr.o)
                              /usr/lib/gcc/arm-none-eabi/4.9.3/../../../arm-none-eabi/lib/armv7-m/libc_nano.a(lib_a-nano-mallocr.o) (_sbrk_r)
/usr/lib/gcc/arm-none-eabi/4.9.3/../../../arm-none-eabi/lib/armv7-m/libc_nano.a(lib_a-__atexit.o)
                              /usr/lib/gcc/arm-none-eabi/4.9.3/../../../arm-none-eabi/lib/armv7-m/libc_nano.a(lib_a-atexit.o) (__register_exitproc)
/usr/lib/gcc/arm-none-eabi/4.9.3/../../../arm-none-eabi/lib/armv7-m/libc_nano.a(lib_a-__call_atexit.o)
                              /usr/lib/gcc/arm-none-eabi/4.9.3/../../../arm-none-eabi/lib/armv7-m/libc_nano.a(lib_a-__atexit.o) (__call_exitprocs)
/usr/lib/gcc/arm-none-eabi/4.9.3/../../../arm-none-eabi/lib/armv7-m/libc_nano.a(lib_a-reent.o)
                              /usr/lib/gcc/arm-none-eabi/4.9.3/../../../arm-none-eabi/lib/armv7-m/libc_nano.a(lib_a-sbrkr.o) (errno)
/usr/lib/gcc/arm-none-eabi/4.9.3/../../../arm-none-eabi/lib/armv7-m/libnosys.a(sbrk.o)
                              /usr/lib/gcc/arm-none-eabi/4.9.3/../../../arm-none-eabi/lib/armv7-m/libc_nano.a(lib_a-sbrkr.o) (_sbrk)
/usr/lib/gcc/arm-none-eabi/4.9.3/../../../arm-none-eabi/lib/armv7-m/libnosys.a(_exit.o)
                              /usr/lib/gcc/arm-none-eabi/4.9.3/../../../arm-none-eabi/lib/armv7-m/libc_nano.a(lib_a-exit.o) (_exit)

Allocating common symbols
Common symbol       size              file

hUsbDeviceFS        0x224             Src/usb_device.o
hUsbDevice_0        0x4               Src/usbd_cdc_if.o
hspi2               0x58              Src/spi.o
htim4               0x3c              Src/tim.o
errno               0x4               /usr/lib/gcc/arm-none-eabi/4.9.3/../../../arm-none-eabi/lib/armv7-m/libc_nano.a(lib_a-reent.o)
huart3              0x40              Src/usart.o
hpcd_USB_OTG_FS     0x3a8             Src/usbd_conf.o
pFlash              0x20              Drivers/STM32F1xx_HAL_Driver/Src/stm32f1xx_hal_flash.o
TxBuffer            0x40              Src/usbd_cdc_if.o
ReceiveBuffer       0x200             Src/usbd_cdc_if.o
USBD_StrDesc        0x200             Src/usbd_desc.o

Discarded input sections

 .text          0x0000000000000000        0x0 /usr/lib/gcc/arm-none-eabi/4.9.3/armv7-m/crti.o
 .data          0x0000000000000000        0x0 /usr/lib/gcc/arm-none-eabi/4.9.3/armv7-m/crti.o
 .bss           0x0000000000000000        0x0 /usr/lib/gcc/arm-none-eabi/4.9.3/armv7-m/crti.o
 .data          0x0000000000000000        0x4 /usr/lib/gcc/arm-none-eabi/4.9.3/armv7-m/crtbegin.o
 .text          0x0000000000000000       0x68 /usr/lib/gcc/arm-none-eabi/4.9.3/../../../arm-none-eabi/lib/armv7-m/crt0.o
 .data          0x0000000000000000        0x0 /usr/lib/gcc/arm-none-eabi/4.9.3/../../../arm-none-eabi/lib/armv7-m/crt0.o
[...]
Memory Configuration

Name             Origin             Length             Attributes
FLASH            0x0000000008000000 0x0000000000040000 xr
RAM              0x0000000020000000 0x0000000000010000 xrw
*default*        0x0000000000000000 0xffffffffffffffff

Linker script and memory map

LOAD /usr/lib/gcc/arm-none-eabi/4.9.3/armv7-m/crti.o
LOAD /usr/lib/gcc/arm-none-eabi/4.9.3/armv7-m/crtbegin.o
LOAD /usr/lib/gcc/arm-none-eabi/4.9.3/../../../arm-none-eabi/lib/armv7-m/crt0.o
LOAD /usr/lib/gcc/arm-none-eabi/4.9.3/../../../arm-none-eabi/lib/armv7-m/libm.a
LOAD Src/adc.o
LOAD Src/command.o
LOAD Src/gpio.o
LOAD Src/i2c.o
LOAD Src/main.o
LOAD Src/spi.o
LOAD Src/state.o
LOAD Src/stm32f1xx_hal_msp.o
LOAD Src/stm32f1xx_it.o
LOAD Src/tfp_printf.o
LOAD Src/tim.o
LOAD Src/usart.o
LOAD Src/usb_device.o
LOAD Src/usbd_cdc_if.o
LOAD Src/usbd_conf.o
LOAD Src/usbd_desc.o
LOAD Src/version.o
LOAD Middlewares/ST/STM32_USB_Device_Library/Core/Src/usbd_core.o
LOAD Middlewares/ST/STM32_USB_Device_Library/Core/Src/usbd_ctlreq.o
LOAD Middlewares/ST/STM32_USB_Device_Library/Core/Src/usbd_ioreq.o
LOAD Middlewares/ST/STM32_USB_Device_Library/Class/CDC/Src/usbd_cdc.o
LOAD Drivers/STM32F1xx_HAL_Driver/Src/stm32f1xx_hal.o
LOAD Drivers/STM32F1xx_HAL_Driver/Src/stm32f1xx_hal_adc.o
LOAD Drivers/STM32F1xx_HAL_Driver/Src/stm32f1xx_hal_adc_ex.o
LOAD Drivers/STM32F1xx_HAL_Driver/Src/stm32f1xx_hal_cortex.o
LOAD Drivers/STM32F1xx_HAL_Driver/Src/stm32f1xx_hal_dma.o
LOAD Drivers/STM32F1xx_HAL_Driver/Src/stm32f1xx_hal_flash.o
LOAD Drivers/STM32F1xx_HAL_Driver/Src/stm32f1xx_hal_flash_ex.o
LOAD Drivers/STM32F1xx_HAL_Driver/Src/stm32f1xx_hal_gpio.o
LOAD Drivers/STM32F1xx_HAL_Driver/Src/stm32f1xx_hal_i2c.o
LOAD Drivers/STM32F1xx_HAL_Driver/Src/stm32f1xx_hal_pcd.o
LOAD Drivers/STM32F1xx_HAL_Driver/Src/stm32f1xx_hal_pcd_ex.o
LOAD Drivers/STM32F1xx_HAL_Driver/Src/stm32f1xx_hal_pwr.o
LOAD Drivers/STM32F1xx_HAL_Driver/Src/stm32f1xx_hal_rcc.o
LOAD Drivers/STM32F1xx_HAL_Driver/Src/stm32f1xx_hal_rcc_ex.o
LOAD Drivers/STM32F1xx_HAL_Driver/Src/stm32f1xx_hal_spi.o
LOAD Drivers/STM32F1xx_HAL_Driver/Src/stm32f1xx_hal_spi_ex.o
LOAD Drivers/STM32F1xx_HAL_Driver/Src/stm32f1xx_hal_tim.o
LOAD Drivers/STM32F1xx_HAL_Driver/Src/stm32f1xx_hal_tim_ex.o
LOAD Drivers/STM32F1xx_HAL_Driver/Src/stm32f1xx_hal_uart.o
LOAD Drivers/STM32F1xx_HAL_Driver/Src/stm32f1xx_ll_usb.o
LOAD Drivers/CMSIS/Device/ST/STM32F1xx/Source/Templates/system_stm32f1xx.o
LOAD Drivers/CMSIS/Device/ST/STM32F1xx/Source/Templates/gcc/startup_stm32f105xc.o
START GROUP
LOAD /usr/lib/gcc/arm-none-eabi/4.9.3/armv7-m/libgcc.a
LOAD /usr/lib/gcc/arm-none-eabi/4.9.3/../../../arm-none-eabi/lib/armv7-m/libc_nano.a
END GROUP
START GROUP
LOAD /usr/lib/gcc/arm-none-eabi/4.9.3/armv7-m/libgcc.a
LOAD /usr/lib/gcc/arm-none-eabi/4.9.3/../../../arm-none-eabi/lib/armv7-m/libc_nano.a
LOAD /usr/lib/gcc/arm-none-eabi/4.9.3/../../../arm-none-eabi/lib/armv7-m/libnosys.a
END GROUP
START GROUP
LOAD /usr/lib/gcc/arm-none-eabi/4.9.3/armv7-m/libgcc.a
LOAD /usr/lib/gcc/arm-none-eabi/4.9.3/../../../arm-none-eabi/lib/armv7-m/libc_nano.a
LOAD /usr/lib/gcc/arm-none-eabi/4.9.3/../../../arm-none-eabi/lib/armv7-m/libnosys.a
END GROUP
LOAD /usr/lib/gcc/arm-none-eabi/4.9.3/armv7-m/crtend.o
LOAD /usr/lib/gcc/arm-none-eabi/4.9.3/armv7-m/crtn.o
                0x0000000020010000                _estack = 0x20010000
                0x0000000000000200                _Min_Heap_Size = 0x200
                0x0000000000000400                _Min_Stack_Size = 0x400

.isr_vector     0x0000000008000000      0x1e4
                0x0000000008000000                . = ALIGN (0x4)
 *(.isr_vector)
 .isr_vector    0x0000000008000000      0x1e4 Drivers/CMSIS/Device/ST/STM32F1xx/Source/Templates/gcc/startup_stm32f105xc.o
                0x0000000008000000                g_pfnVectors
                0x00000000080001e4                . = ALIGN (0x4)

.text           0x00000000080001e4     0x4420
                0x00000000080001e4                . = ALIGN (0x4)
 *(.text)
 .text          0x00000000080001e4       0xa4 /usr/lib/gcc/arm-none-eabi/4.9.3/armv7-m/crtbegin.o
 *(.text*)
 .text.MX_ADC1_Init
                0x0000000008000288        0x8 Src/adc.o
                0x0000000008000288                MX_ADC1_Init
 .text.ProcessI2C
                0x0000000008000290      0x12c Src/command.o
                0x0000000008000290                ProcessI2C
 .text.ProcessPWM
                0x00000000080003bc       0xd2 Src/command.o
                0x00000000080003bc                ProcessPWM
 .text.ProcessCommand
                0x000000000800048e       0x1a Src/command.o
                0x000000000800048e                ProcessCommand
 .text.WaitForCommand
                0x00000000080004a8       0x40 Src/command.o
                0x00000000080004a8                WaitForCommand
 .text.MX_GPIO_Init
                0x00000000080004e8      0x164 Src/gpio.o
                0x00000000080004e8                MX_GPIO_Init
 .text.MX_I2C2_Init
                0x000000000800064c        0x6 Src/i2c.o
                0x000000000800064c                MX_I2C2_Init
 *fill*         0x0000000008000652        0x2 
 .text.HAL_I2C_MspInit
                0x0000000008000654       0x58 Src/i2c.o
                0x0000000008000654                HAL_I2C_MspInit
 .text.HAL_I2C_MspDeInit
                0x00000000080006ac       0x2c Src/i2c.o
                0x00000000080006ac                HAL_I2C_MspDeInit
 .text.SystemClock_Config
                0x00000000080006d8       0x9e Src/main.o
                0x00000000080006d8                SystemClock_Config
 *fill*         0x0000000008000776        0x2 
 .text.InitSystem
                0x0000000008000778       0x50 Src/main.o
                0x0000000008000778                InitSystem
 .text.startup.main
                0x00000000080007c8       0x14 Src/main.o
                0x00000000080007c8                main
 .text.MX_SPI2_Init
                0x00000000080007dc        0x6 Src/spi.o
                0x00000000080007dc                MX_SPI2_Init
 *fill*         0x00000000080007e2        0x2 
 .text.HAL_SPI_MspInit
                0x00000000080007e4       0x58 Src/spi.o
                0x00000000080007e4                HAL_SPI_MspInit
 .text.InitDeviceConfig
                0x000000000800083c      0x150 Src/state.o
                0x000000000800083c                InitDeviceConfig
 .text.HAL_MspInit
                0x000000000800098c       0x74 Src/stm32f1xx_hal_msp.o
                0x000000000800098c                HAL_MspInit
 .text.NMI_Handler
                0x0000000008000a00        0x2 Src/stm32f1xx_it.o
                0x0000000008000a00                NMI_Handler
 .text.HardFault_Handler
                0x0000000008000a02        0x2 Src/stm32f1xx_it.o
                0x0000000008000a02                HardFault_Handler
 .text.MemManage_Handler
                0x0000000008000a04        0x2 Src/stm32f1xx_it.o
                0x0000000008000a04                MemManage_Handler
 .text.BusFault_Handler
                0x0000000008000a06        0x2 Src/stm32f1xx_it.o
                0x0000000008000a06                BusFault_Handler
 .text.UsageFault_Handler
                0x0000000008000a08        0x2 Src/stm32f1xx_it.o
                0x0000000008000a08                UsageFault_Handler
 .text.DebugMon_Handler
                0x0000000008000a0a        0x2 Src/stm32f1xx_it.o
                0x0000000008000a0a                DebugMon_Handler
 .text.SysTick_Handler
                0x0000000008000a0c        0xe Src/stm32f1xx_it.o
                0x0000000008000a0c                SysTick_Handler
 *fill*         0x0000000008000a1a        0x2 
 .text.OTG_FS_IRQHandler
                0x0000000008000a1c        0xc Src/stm32f1xx_it.o
                0x0000000008000a1c                OTG_FS_IRQHandler
 .text.init_printf
                0x0000000008000a28        0xc Src/tfp_printf.o
                0x0000000008000a28                init_printf
 .text.HAL_TIM_PWM_MspInit
                0x0000000008000a34       0x28 Src/tim.o
                0x0000000008000a34                HAL_TIM_PWM_MspInit
 .text.HAL_TIM_MspPostInit
                0x0000000008000a5c       0x2c Src/tim.o
                0x0000000008000a5c                HAL_TIM_MspPostInit
 .text.MX_TIM4_Init
                0x0000000008000a88       0x58 Src/tim.o
                0x0000000008000a88                MX_TIM4_Init
 .text.MX_USART3_UART_Init
                0x0000000008000ae0        0x8 Src/usart.o
                0x0000000008000ae0                MX_USART3_UART_Init
 .text.HAL_UART_MspInit
                0x0000000008000ae8       0x6c Src/usart.o
                0x0000000008000ae8                HAL_UART_MspInit
 .text.MX_USB_DEVICE_Init
                0x0000000008000b54       0x38 Src/usb_device.o
                0x0000000008000b54                MX_USB_DEVICE_Init
 .text.CDC_DeInit_FS
                0x0000000008000b8c        0x4 Src/usbd_cdc_if.o
 .text.CDC_Control_FS
                0x0000000008000b90        0x4 Src/usbd_cdc_if.o
 .text.CDC_Receive_FS
                0x0000000008000b94       0x20 Src/usbd_cdc_if.o
 .text.CDC_Init_FS
                0x0000000008000bb4       0x24 Src/usbd_cdc_if.o
 .text.USB_ReceiveBuffer
                0x0000000008000bd8       0x44 Src/usbd_cdc_if.o
                0x0000000008000bd8                USB_ReceiveBuffer
 .text.CDC_Transmit_FS
                0x0000000008000c1c       0x48 Src/usbd_cdc_if.o
                0x0000000008000c1c                CDC_Transmit_FS
 .text.USB_SendBuffer
                0x0000000008000c64        0xc Src/usbd_cdc_if.o
                0x0000000008000c64                USB_SendBuffer
 .text.usb_putc
                0x0000000008000c70       0x14 Src/usbd_cdc_if.o
                0x0000000008000c70                usb_putc
 .text.HAL_PCD_MspInit
                0x0000000008000c84       0x50 Src/usbd_conf.o
                0x0000000008000c84                HAL_PCD_MspInit
 .text.HAL_PCD_SetupStageCallback
                0x0000000008000cd4        0xe Src/usbd_conf.o
                0x0000000008000cd4                HAL_PCD_SetupStageCallback
 .text.HAL_PCD_DataOutStageCallback
                0x0000000008000ce2       0x12 Src/usbd_conf.o
                0x0000000008000ce2                HAL_PCD_DataOutStageCallback
 .text.HAL_PCD_DataInStageCallback
                0x0000000008000cf4       0x10 Src/usbd_conf.o
                0x0000000008000cf4                HAL_PCD_DataInStageCallback
 .text.HAL_PCD_SOFCallback
                0x0000000008000d04        0x8 Src/usbd_conf.o
                0x0000000008000d04                HAL_PCD_SOFCallback
 .text.HAL_PCD_ResetCallback
                0x0000000008000d0c       0x20 Src/usbd_conf.o
                0x0000000008000d0c                HAL_PCD_ResetCallback
 .text.HAL_PCD_SuspendCallback
                0x0000000008000d2c       0x30 Src/usbd_conf.o
                0x0000000008000d2c                HAL_PCD_SuspendCallback
 .text.HAL_PCD_ResumeCallback
                0x0000000008000d5c        0x8 Src/usbd_conf.o
                0x0000000008000d5c                HAL_PCD_ResumeCallback
 .text.HAL_PCD_ISOOUTIncompleteCallback
                0x0000000008000d64        0x8 Src/usbd_conf.o
                0x0000000008000d64                HAL_PCD_ISOOUTIncompleteCallback
 .text.HAL_PCD_ISOINIncompleteCallback
                0x0000000008000d6c        0x8 Src/usbd_conf.o
                0x0000000008000d6c                HAL_PCD_ISOINIncompleteCallback
 .text.HAL_PCD_ConnectCallback
                0x0000000008000d74        0x8 Src/usbd_conf.o
                0x0000000008000d74                HAL_PCD_ConnectCallback
 .text.HAL_PCD_DisconnectCallback
                0x0000000008000d7c        0x8 Src/usbd_conf.o
                0x0000000008000d7c                HAL_PCD_DisconnectCallback
 .text.USBD_LL_Init
                0x0000000008000d84       0x54 Src/usbd_conf.o
                0x0000000008000d84                USBD_LL_Init
 .text.USBD_LL_Start
                0x0000000008000dd8        0xe Src/usbd_conf.o
                0x0000000008000dd8                USBD_LL_Start
 .text.USBD_LL_OpenEP
                0x0000000008000de6       0x14 Src/usbd_conf.o
                0x0000000008000de6                USBD_LL_OpenEP
 .text.USBD_LL_CloseEP
                0x0000000008000dfa        0xe Src/usbd_conf.o
                0x0000000008000dfa                USBD_LL_CloseEP
 .text.USBD_LL_StallEP
                0x0000000008000e08        0xe Src/usbd_conf.o
                0x0000000008000e08                USBD_LL_StallEP
 .text.USBD_LL_ClearStallEP
                0x0000000008000e16        0xe Src/usbd_conf.o
                0x0000000008000e16                USBD_LL_ClearStallEP
 .text.USBD_LL_IsStallEP
                0x0000000008000e24       0x26 Src/usbd_conf.o
                0x0000000008000e24                USBD_LL_IsStallEP
 .text.USBD_LL_SetUSBAddress
                0x0000000008000e4a        0xe Src/usbd_conf.o
                0x0000000008000e4a                USBD_LL_SetUSBAddress
 .text.USBD_LL_Transmit
                0x0000000008000e58        0xe Src/usbd_conf.o
                0x0000000008000e58                USBD_LL_Transmit
 .text.USBD_LL_PrepareReceive
                0x0000000008000e66        0xe Src/usbd_conf.o
                0x0000000008000e66                USBD_LL_PrepareReceive
 .text.USBD_LL_GetRxDataSize
                0x0000000008000e74        0xc Src/usbd_conf.o
                0x0000000008000e74                USBD_LL_GetRxDataSize
 .text.USBD_static_malloc
                0x0000000008000e80        0x8 Src/usbd_conf.o
                0x0000000008000e80                USBD_static_malloc
 .text.USBD_static_free
                0x0000000008000e88        0x4 Src/usbd_conf.o
                0x0000000008000e88                USBD_static_free
 .text.HAL_PCDEx_SetConnectionState
                0x0000000008000e8c        0x2 Src/usbd_conf.o
                0x0000000008000e8c                HAL_PCDEx_SetConnectionState
 *fill*         0x0000000008000e8e        0x2 
 .text.USBD_FS_DeviceDescriptor
                0x0000000008000e90        0xc Src/usbd_desc.o
                0x0000000008000e90                USBD_FS_DeviceDescriptor
 .text.USBD_FS_LangIDStrDescriptor
                0x0000000008000e9c        0xc Src/usbd_desc.o
                0x0000000008000e9c                USBD_FS_LangIDStrDescriptor
 .text.USBD_FS_ManufacturerStrDescriptor
                0x0000000008000ea8       0x1c Src/usbd_desc.o
                0x0000000008000ea8                USBD_FS_ManufacturerStrDescriptor
 .text.USBD_FS_ProductStrDescriptor
                0x0000000008000ec4       0x1c Src/usbd_desc.o
                0x0000000008000ec4                USBD_FS_ProductStrDescriptor
 .text.USBD_FS_SerialStrDescriptor
                0x0000000008000ee0       0x1c Src/usbd_desc.o
                0x0000000008000ee0                USBD_FS_SerialStrDescriptor
 .text.USBD_FS_ConfigStrDescriptor
                0x0000000008000efc       0x1c Src/usbd_desc.o
                0x0000000008000efc                USBD_FS_ConfigStrDescriptor
 .text.USBD_FS_InterfaceStrDescriptor
                0x0000000008000f18       0x1c Src/usbd_desc.o
                0x0000000008000f18                USBD_FS_InterfaceStrDescriptor
 .text.USBD_Init
                0x0000000008000f34       0x2a Middlewares/ST/STM32_USB_Device_Library/Core/Src/usbd_core.o
                0x0000000008000f34                USBD_Init
 .text.USBD_RegisterClass
                0x0000000008000f5e        0xe Middlewares/ST/STM32_USB_Device_Library/Core/Src/usbd_core.o
                0x0000000008000f5e                USBD_RegisterClass
 .text.USBD_Start
                0x0000000008000f6c        0xa Middlewares/ST/STM32_USB_Device_Library/Core/Src/usbd_core.o
                0x0000000008000f6c                USBD_Start
 .text.USBD_SetClassConfig
                0x0000000008000f76       0x16 Middlewares/ST/STM32_USB_Device_Library/Core/Src/usbd_core.o
                0x0000000008000f76                USBD_SetClassConfig
 .text.USBD_ClrClassConfig
                0x0000000008000f8c        0xe Middlewares/ST/STM32_USB_Device_Library/Core/Src/usbd_core.o
                0x0000000008000f8c                USBD_ClrClassConfig
 .text.USBD_LL_SetupStage
                0x0000000008000f9a       0x5a Middlewares/ST/STM32_USB_Device_Library/Core/Src/usbd_core.o
                0x0000000008000f9a                USBD_LL_SetupStage
 .text.USBD_LL_DataOutStage
                0x0000000008000ff4       0x60 Middlewares/ST/STM32_USB_Device_Library/Core/Src/usbd_core.o
                0x0000000008000ff4                USBD_LL_DataOutStage
 .text.USBD_LL_DataInStage
                0x0000000008001054       0x9c Middlewares/ST/STM32_USB_Device_Library/Core/Src/usbd_core.o
                0x0000000008001054                USBD_LL_DataInStage
 .text.USBD_LL_Reset
                0x00000000080010f0       0x3e Middlewares/ST/STM32_USB_Device_Library/Core/Src/usbd_core.o
                0x00000000080010f0                USBD_LL_Reset
 .text.USBD_LL_SetSpeed
                0x000000000800112e        0x6 Middlewares/ST/STM32_USB_Device_Library/Core/Src/usbd_core.o
                0x000000000800112e                USBD_LL_SetSpeed
 .text.USBD_LL_Suspend
                0x0000000008001134       0x12 Middlewares/ST/STM32_USB_Device_Library/Core/Src/usbd_core.o
                0x0000000008001134                USBD_LL_Suspend
 .text.USBD_LL_Resume
                0x0000000008001146        0xc Middlewares/ST/STM32_USB_Device_Library/Core/Src/usbd_core.o
                0x0000000008001146                USBD_LL_Resume
 .text.USBD_LL_SOF
                0x0000000008001152       0x18 Middlewares/ST/STM32_USB_Device_Library/Core/Src/usbd_core.o
                0x0000000008001152                USBD_LL_SOF
 .text.USBD_LL_IsoINIncomplete
                0x000000000800116a        0x4 Middlewares/ST/STM32_USB_Device_Library/Core/Src/usbd_core.o
                0x000000000800116a                USBD_LL_IsoINIncomplete
 .text.USBD_LL_IsoOUTIncomplete
                0x000000000800116e        0x4 Middlewares/ST/STM32_USB_Device_Library/Core/Src/usbd_core.o
                0x000000000800116e                USBD_LL_IsoOUTIncomplete
 .text.USBD_LL_DevConnected
                0x0000000008001172        0x4 Middlewares/ST/STM32_USB_Device_Library/Core/Src/usbd_core.o
                0x0000000008001172                USBD_LL_DevConnected
 .text.USBD_LL_DevDisconnected
                0x0000000008001176       0x16 Middlewares/ST/STM32_USB_Device_Library/Core/Src/usbd_core.o
                0x0000000008001176                USBD_LL_DevDisconnected
 .text.USBD_ParseSetupRequest
                0x000000000800118c       0x28 Middlewares/ST/STM32_USB_Device_Library/Core/Src/usbd_ctlreq.o
                0x000000000800118c                USBD_ParseSetupRequest
 .text.USBD_CtlError
                0x00000000080011b4       0x16 Middlewares/ST/STM32_USB_Device_Library/Core/Src/usbd_ctlreq.o
                0x00000000080011b4                USBD_CtlError
 *fill*         0x00000000080011ca        0x2 
 .text.USBD_StdDevReq
                0x00000000080011cc      0x218 Middlewares/ST/STM32_USB_Device_Library/Core/Src/usbd_ctlreq.o
                0x00000000080011cc                USBD_StdDevReq
 .text.USBD_StdItfReq
                0x00000000080013e4       0x30 Middlewares/ST/STM32_USB_Device_Library/Core/Src/usbd_ctlreq.o
                0x00000000080013e4                USBD_StdItfReq
 .text.USBD_StdEPReq
                0x0000000008001414       0xc6 Middlewares/ST/STM32_USB_Device_Library/Core/Src/usbd_ctlreq.o
                0x0000000008001414                USBD_StdEPReq
 .text.USBD_GetString
                0x00000000080014da       0x3a Middlewares/ST/STM32_USB_Device_Library/Core/Src/usbd_ctlreq.o
                0x00000000080014da                USBD_GetString
 .text.USBD_CtlSendData
                0x0000000008001514       0x1c Middlewares/ST/STM32_USB_Device_Library/Core/Src/usbd_ioreq.o
                0x0000000008001514                USBD_CtlSendData
 .text.USBD_CtlContinueSendData
                0x0000000008001530       0x12 Middlewares/ST/STM32_USB_Device_Library/Core/Src/usbd_ioreq.o
                0x0000000008001530                USBD_CtlContinueSendData
 .text.USBD_CtlPrepareRx
                0x0000000008001542       0x20 Middlewares/ST/STM32_USB_Device_Library/Core/Src/usbd_ioreq.o
                0x0000000008001542                USBD_CtlPrepareRx
 .text.USBD_CtlContinueRx
                0x0000000008001562       0x12 Middlewares/ST/STM32_USB_Device_Library/Core/Src/usbd_ioreq.o
                0x0000000008001562                USBD_CtlContinueRx
 .text.USBD_CtlSendStatus
                0x0000000008001574       0x16 Middlewares/ST/STM32_USB_Device_Library/Core/Src/usbd_ioreq.o
                0x0000000008001574                USBD_CtlSendStatus
 .text.USBD_CtlReceiveStatus
                0x000000000800158a       0x16 Middlewares/ST/STM32_USB_Device_Library/Core/Src/usbd_ioreq.o
                0x000000000800158a                USBD_CtlReceiveStatus
 .text.USBD_CDC_DataIn
                0x00000000080015a0       0x12 Middlewares/ST/STM32_USB_Device_Library/Class/CDC/Src/usbd_cdc.o
 .text.USBD_CDC_EP0_RxReady
                0x00000000080015b2       0x28 Middlewares/ST/STM32_USB_Device_Library/Class/CDC/Src/usbd_cdc.o
 *fill*         0x00000000080015da        0x2 
 .text.USBD_CDC_GetFSCfgDesc
                0x00000000080015dc        0xc Middlewares/ST/STM32_USB_Device_Library/Class/CDC/Src/usbd_cdc.o
 .text.USBD_CDC_GetHSCfgDesc
                0x00000000080015e8        0xc Middlewares/ST/STM32_USB_Device_Library/Class/CDC/Src/usbd_cdc.o
 .text.USBD_CDC_GetOtherSpeedCfgDesc
                0x00000000080015f4        0xc Middlewares/ST/STM32_USB_Device_Library/Class/CDC/Src/usbd_cdc.o
 .text.USBD_CDC_GetDeviceQualifierDescriptor
                0x0000000008001600        0xc Middlewares/ST/STM32_USB_Device_Library/Class/CDC/Src/usbd_cdc.o
                0x0000000008001600                USBD_CDC_GetDeviceQualifierDescriptor
 .text.USBD_CDC_DataOut
                0x000000000800160c       0x2e Middlewares/ST/STM32_USB_Device_Library/Class/CDC/Src/usbd_cdc.o
 *fill*         0x000000000800163a        0x2 
 .text.USBD_CDC_Setup
                0x000000000800163c       0x6c Middlewares/ST/STM32_USB_Device_Library/Class/CDC/Src/usbd_cdc.o
 .text.USBD_CDC_DeInit
                0x00000000080016a8       0x3a Middlewares/ST/STM32_USB_Device_Library/Class/CDC/Src/usbd_cdc.o
 .text.USBD_CDC_Init
                0x00000000080016e2       0x68 Middlewares/ST/STM32_USB_Device_Library/Class/CDC/Src/usbd_cdc.o
 .text.USBD_CDC_RegisterInterface
                0x000000000800174a        0xe Middlewares/ST/STM32_USB_Device_Library/Class/CDC/Src/usbd_cdc.o
                0x000000000800174a                USBD_CDC_RegisterInterface
 .text.USBD_CDC_SetTxBuffer
                0x0000000008001758       0x10 Middlewares/ST/STM32_USB_Device_Library/Class/CDC/Src/usbd_cdc.o
                0x0000000008001758                USBD_CDC_SetTxBuffer
 .text.USBD_CDC_SetRxBuffer
                0x0000000008001768        0xc Middlewares/ST/STM32_USB_Device_Library/Class/CDC/Src/usbd_cdc.o
                0x0000000008001768                USBD_CDC_SetRxBuffer
 .text.USBD_CDC_TransmitPacket
                0x0000000008001774       0x2e Middlewares/ST/STM32_USB_Device_Library/Class/CDC/Src/usbd_cdc.o
                0x0000000008001774                USBD_CDC_TransmitPacket
 .text.USBD_CDC_ReceivePacket
                0x00000000080017a2       0x1c Middlewares/ST/STM32_USB_Device_Library/Class/CDC/Src/usbd_cdc.o
                0x00000000080017a2                USBD_CDC_ReceivePacket
 .text.HAL_InitTick
                0x00000000080017be       0x24 Drivers/STM32F1xx_HAL_Driver/Src/stm32f1xx_hal.o
                0x00000000080017be                HAL_InitTick
 *fill*         0x00000000080017e2        0x2 
 .text.HAL_Init
                0x00000000080017e4       0x24 Drivers/STM32F1xx_HAL_Driver/Src/stm32f1xx_hal.o
                0x00000000080017e4                HAL_Init
 .text.HAL_IncTick
                0x0000000008001808       0x10 Drivers/STM32F1xx_HAL_Driver/Src/stm32f1xx_hal.o
                0x0000000008001808                HAL_IncTick
 .text.HAL_GetTick
                0x0000000008001818        0xc Drivers/STM32F1xx_HAL_Driver/Src/stm32f1xx_hal.o
                0x0000000008001818                HAL_GetTick
 .text.HAL_Delay
                0x0000000008001824       0x1a Drivers/STM32F1xx_HAL_Driver/Src/stm32f1xx_hal.o
                0x0000000008001824                HAL_Delay
 *fill*         0x000000000800183e        0x2 
 .text.HAL_ADC_ConfigChannel
                0x0000000008001840      0x178 Drivers/STM32F1xx_HAL_Driver/Src/stm32f1xx_hal_adc.o
                0x0000000008001840                HAL_ADC_ConfigChannel
 .text.HAL_NVIC_SetPriorityGrouping
                0x00000000080019b8       0x24 Drivers/STM32F1xx_HAL_Driver/Src/stm32f1xx_hal_cortex.o
                0x00000000080019b8                HAL_NVIC_SetPriorityGrouping
 .text.HAL_NVIC_SetPriority
                0x00000000080019dc       0x60 Drivers/STM32F1xx_HAL_Driver/Src/stm32f1xx_hal_cortex.o
                0x00000000080019dc                HAL_NVIC_SetPriority
 .text.HAL_NVIC_EnableIRQ
                0x0000000008001a3c       0x18 Drivers/STM32F1xx_HAL_Driver/Src/stm32f1xx_hal_cortex.o
                0x0000000008001a3c                HAL_NVIC_EnableIRQ
 .text.HAL_SYSTICK_Config
                0x0000000008001a54       0x2c Drivers/STM32F1xx_HAL_Driver/Src/stm32f1xx_hal_cortex.o
                0x0000000008001a54                HAL_SYSTICK_Config
 .text.HAL_SYSTICK_CLKSourceConfig
                0x0000000008001a80       0x18 Drivers/STM32F1xx_HAL_Driver/Src/stm32f1xx_hal_cortex.o
                0x0000000008001a80                HAL_SYSTICK_CLKSourceConfig
 .text.HAL_SYSTICK_Callback
                0x0000000008001a98        0x2 Drivers/STM32F1xx_HAL_Driver/Src/stm32f1xx_hal_cortex.o
                0x0000000008001a98                HAL_SYSTICK_Callback
 .text.HAL_SYSTICK_IRQHandler
                0x0000000008001a9a        0x8 Drivers/STM32F1xx_HAL_Driver/Src/stm32f1xx_hal_cortex.o
                0x0000000008001a9a                HAL_SYSTICK_IRQHandler
 *fill*         0x0000000008001aa2        0x2 
 .text.HAL_GPIO_Init
                0x0000000008001aa4      0x18c Drivers/STM32F1xx_HAL_Driver/Src/stm32f1xx_hal_gpio.o
                0x0000000008001aa4                HAL_GPIO_Init
 .text.HAL_GPIO_DeInit
                0x0000000008001c30       0xd0 Drivers/STM32F1xx_HAL_Driver/Src/stm32f1xx_hal_gpio.o
                0x0000000008001c30                HAL_GPIO_DeInit
 .text.HAL_GPIO_WritePin
                0x0000000008001d00        0x8 Drivers/STM32F1xx_HAL_Driver/Src/stm32f1xx_hal_gpio.o
                0x0000000008001d00                HAL_GPIO_WritePin
 .text.I2C_IsAcknowledgeFailed
                0x0000000008001d08       0x2c Drivers/STM32F1xx_HAL_Driver/Src/stm32f1xx_hal_i2c.o
 .text.I2C_WaitOnFlagUntilTimeout
                0x0000000008001d34       0x96 Drivers/STM32F1xx_HAL_Driver/Src/stm32f1xx_hal_i2c.o
 .text.I2C_WaitOnMasterAddressFlagUntilTimeout
                0x0000000008001dca       0x82 Drivers/STM32F1xx_HAL_Driver/Src/stm32f1xx_hal_i2c.o
 .text.I2C_MasterRequestWrite
                0x0000000008001e4c       0x78 Drivers/STM32F1xx_HAL_Driver/Src/stm32f1xx_hal_i2c.o
 .text.I2C_MasterRequestRead
                0x0000000008001ec4       0xc0 Drivers/STM32F1xx_HAL_Driver/Src/stm32f1xx_hal_i2c.o
 .text.I2C_WaitOnTXEFlagUntilTimeout
                0x0000000008001f84       0x4e Drivers/STM32F1xx_HAL_Driver/Src/stm32f1xx_hal_i2c.o
 .text.I2C_WaitOnRXNEFlagUntilTimeout
                0x0000000008001fd2       0x5e Drivers/STM32F1xx_HAL_Driver/Src/stm32f1xx_hal_i2c.o
 .text.HAL_I2C_Init
                0x0000000008002030       0xd4 Drivers/STM32F1xx_HAL_Driver/Src/stm32f1xx_hal_i2c.o
                0x0000000008002030                HAL_I2C_Init
 .text.HAL_I2C_Master_Transmit
                0x0000000008002104      0x13c Drivers/STM32F1xx_HAL_Driver/Src/stm32f1xx_hal_i2c.o
                0x0000000008002104                HAL_I2C_Master_Transmit
 .text.HAL_I2C_Master_Receive
                0x0000000008002240      0x1bc Drivers/STM32F1xx_HAL_Driver/Src/stm32f1xx_hal_i2c.o
                0x0000000008002240                HAL_I2C_Master_Receive
 .text.HAL_PCD_Init
                0x00000000080023fc       0xd0 Drivers/STM32F1xx_HAL_Driver/Src/stm32f1xx_hal_pcd.o
                0x00000000080023fc                HAL_PCD_Init
 .text.HAL_PCD_Start
                0x00000000080024cc       0x2e Drivers/STM32F1xx_HAL_Driver/Src/stm32f1xx_hal_pcd.o
                0x00000000080024cc                HAL_PCD_Start
 .text.HAL_PCD_IRQHandler
                0x00000000080024fa      0x3d4 Drivers/STM32F1xx_HAL_Driver/Src/stm32f1xx_hal_pcd.o
                0x00000000080024fa                HAL_PCD_IRQHandler
 .text.HAL_PCD_SetAddress
                0x00000000080028ce       0x28 Drivers/STM32F1xx_HAL_Driver/Src/stm32f1xx_hal_pcd.o
                0x00000000080028ce                HAL_PCD_SetAddress
 .text.HAL_PCD_EP_Open
                0x00000000080028f6       0x4c Drivers/STM32F1xx_HAL_Driver/Src/stm32f1xx_hal_pcd.o
                0x00000000080028f6                HAL_PCD_EP_Open
 .text.HAL_PCD_EP_Close
                0x0000000008002942       0x48 Drivers/STM32F1xx_HAL_Driver/Src/stm32f1xx_hal_pcd.o
                0x0000000008002942                HAL_PCD_EP_Close
 .text.HAL_PCD_EP_Receive
                0x000000000800298a       0x52 Drivers/STM32F1xx_HAL_Driver/Src/stm32f1xx_hal_pcd.o
                0x000000000800298a                HAL_PCD_EP_Receive
 .text.HAL_PCD_EP_GetRxCount
                0x00000000080029dc       0x10 Drivers/STM32F1xx_HAL_Driver/Src/stm32f1xx_hal_pcd.o
                0x00000000080029dc                HAL_PCD_EP_GetRxCount
 .text.HAL_PCD_EP_Transmit
                0x00000000080029ec       0x4a Drivers/STM32F1xx_HAL_Driver/Src/stm32f1xx_hal_pcd.o
                0x00000000080029ec                HAL_PCD_EP_Transmit
 .text.HAL_PCD_EP_SetStall
                0x0000000008002a36       0x58 Drivers/STM32F1xx_HAL_Driver/Src/stm32f1xx_hal_pcd.o
                0x0000000008002a36                HAL_PCD_EP_SetStall
 .text.HAL_PCD_EP_ClrStall
                0x0000000008002a8e       0x4c Drivers/STM32F1xx_HAL_Driver/Src/stm32f1xx_hal_pcd.o
                0x0000000008002a8e                HAL_PCD_EP_ClrStall
 .text.HAL_PCDEx_SetTxFiFo
                0x0000000008002ada       0x42 Drivers/STM32F1xx_HAL_Driver/Src/stm32f1xx_hal_pcd_ex.o
                0x0000000008002ada                HAL_PCDEx_SetTxFiFo
 .text.HAL_PCDEx_SetRxFiFo
                0x0000000008002b1c        0x8 Drivers/STM32F1xx_HAL_Driver/Src/stm32f1xx_hal_pcd_ex.o
                0x0000000008002b1c                HAL_PCDEx_SetRxFiFo
 .text.HAL_RCC_OscConfig
                0x0000000008002b24      0x6a8 Drivers/STM32F1xx_HAL_Driver/Src/stm32f1xx_hal_rcc.o
                0x0000000008002b24                HAL_RCC_OscConfig
 .text.HAL_RCC_ClockConfig
                0x00000000080031cc      0x1f0 Drivers/STM32F1xx_HAL_Driver/Src/stm32f1xx_hal_rcc.o
                0x00000000080031cc                HAL_RCC_ClockConfig
 .text.HAL_RCC_GetSysClockFreq
                0x00000000080033bc      0x100 Drivers/STM32F1xx_HAL_Driver/Src/stm32f1xx_hal_rcc.o
                0x00000000080033bc                HAL_RCC_GetSysClockFreq
 .text.HAL_RCC_GetHCLKFreq
                0x00000000080034bc       0x34 Drivers/STM32F1xx_HAL_Driver/Src/stm32f1xx_hal_rcc.o
                0x00000000080034bc                HAL_RCC_GetHCLKFreq
 .text.HAL_RCC_GetPCLK1Freq
                0x00000000080034f0       0x30 Drivers/STM32F1xx_HAL_Driver/Src/stm32f1xx_hal_rcc.o
                0x00000000080034f0                HAL_RCC_GetPCLK1Freq
 .text.HAL_RCC_GetPCLK2Freq
                0x0000000008003520       0x30 Drivers/STM32F1xx_HAL_Driver/Src/stm32f1xx_hal_rcc.o
                0x0000000008003520                HAL_RCC_GetPCLK2Freq
 .text.HAL_RCCEx_PeriphCLKConfig
                0x0000000008003550      0x1d0 Drivers/STM32F1xx_HAL_Driver/Src/stm32f1xx_hal_rcc_ex.o
                0x0000000008003550                HAL_RCCEx_PeriphCLKConfig
 .text.HAL_SPI_Init
                0x0000000008003720       0x7c Drivers/STM32F1xx_HAL_Driver/Src/stm32f1xx_hal_spi_ex.o
                0x0000000008003720                HAL_SPI_Init
 .text.TIM_OC1_SetConfig
                0x000000000800379c       0x50 Drivers/STM32F1xx_HAL_Driver/Src/stm32f1xx_hal_tim.o
 .text.TIM_OC3_SetConfig
                0x00000000080037ec       0x58 Drivers/STM32F1xx_HAL_Driver/Src/stm32f1xx_hal_tim.o
 .text.TIM_OC4_SetConfig
                0x0000000008003844       0x44 Drivers/STM32F1xx_HAL_Driver/Src/stm32f1xx_hal_tim.o
 .text.HAL_TIM_OC_MspInit
                0x0000000008003888        0x2 Drivers/STM32F1xx_HAL_Driver/Src/stm32f1xx_hal_tim.o
                0x0000000008003888                HAL_TIM_OC_MspInit
 *fill*         0x000000000800388a        0x2 
 .text.TIM_Base_SetConfig
                0x000000000800388c       0x78 Drivers/STM32F1xx_HAL_Driver/Src/stm32f1xx_hal_tim.o
                0x000000000800388c                TIM_Base_SetConfig
 .text.HAL_TIM_OC_Init
                0x0000000008003904       0x34 Drivers/STM32F1xx_HAL_Driver/Src/stm32f1xx_hal_tim.o
                0x0000000008003904                HAL_TIM_OC_Init
 .text.HAL_TIM_PWM_Init
                0x0000000008003938       0x34 Drivers/STM32F1xx_HAL_Driver/Src/stm32f1xx_hal_tim.o
                0x0000000008003938                HAL_TIM_PWM_Init
 .text.TIM_OC2_SetConfig
                0x000000000800396c       0x58 Drivers/STM32F1xx_HAL_Driver/Src/stm32f1xx_hal_tim.o
                0x000000000800396c                TIM_OC2_SetConfig
 .text.HAL_TIM_PWM_ConfigChannel
                0x00000000080039c4       0xc6 Drivers/STM32F1xx_HAL_Driver/Src/stm32f1xx_hal_tim.o
                0x00000000080039c4                HAL_TIM_PWM_ConfigChannel
 .text.TIM_CCxChannelCmd
                0x0000000008003a8a       0x18 Drivers/STM32F1xx_HAL_Driver/Src/stm32f1xx_hal_tim.o
                0x0000000008003a8a                TIM_CCxChannelCmd
 *fill*         0x0000000008003aa2        0x2 
 .text.HAL_TIM_PWM_Start
                0x0000000008003aa4       0x2c Drivers/STM32F1xx_HAL_Driver/Src/stm32f1xx_hal_tim.o
                0x0000000008003aa4                HAL_TIM_PWM_Start
 .text.HAL_TIM_PWM_Stop
                0x0000000008003ad0       0x5c Drivers/STM32F1xx_HAL_Driver/Src/stm32f1xx_hal_tim.o
                0x0000000008003ad0                HAL_TIM_PWM_Stop
 .text.HAL_TIMEx_MasterConfigSynchronization
                0x0000000008003b2c       0x44 Drivers/STM32F1xx_HAL_Driver/Src/stm32f1xx_hal_tim_ex.o
                0x0000000008003b2c                HAL_TIMEx_MasterConfigSynchronization
 .text.UART_SetConfig
                0x0000000008003b70       0xc0 Drivers/STM32F1xx_HAL_Driver/Src/stm32f1xx_hal_uart.o
 .text.HAL_UART_Init
                0x0000000008003c30       0x58 Drivers/STM32F1xx_HAL_Driver/Src/stm32f1xx_hal_uart.o
                0x0000000008003c30                HAL_UART_Init
 .text.USB_EnableGlobalInt
                0x0000000008003c88        0xc Drivers/STM32F1xx_HAL_Driver/Src/stm32f1xx_ll_usb.o
                0x0000000008003c88                USB_EnableGlobalInt
 .text.USB_DisableGlobalInt
                0x0000000008003c94        0xc Drivers/STM32F1xx_HAL_Driver/Src/stm32f1xx_ll_usb.o
                0x0000000008003c94                USB_DisableGlobalInt
 .text.USB_SetCurrentMode
                0x0000000008003ca0       0x2c Drivers/STM32F1xx_HAL_Driver/Src/stm32f1xx_ll_usb.o
                0x0000000008003ca0                USB_SetCurrentMode
 .text.USB_FlushTxFifo
                0x0000000008003ccc       0x24 Drivers/STM32F1xx_HAL_Driver/Src/stm32f1xx_ll_usb.o
                0x0000000008003ccc                USB_FlushTxFifo
 .text.USB_FlushRxFifo
                0x0000000008003cf0       0x20 Drivers/STM32F1xx_HAL_Driver/Src/stm32f1xx_ll_usb.o
                0x0000000008003cf0                USB_FlushRxFifo
 .text.USB_SetDevSpeed
                0x0000000008003d10        0xe Drivers/STM32F1xx_HAL_Driver/Src/stm32f1xx_ll_usb.o
                0x0000000008003d10                USB_SetDevSpeed
 *fill*         0x0000000008003d1e        0x2 
 .text.USB_DevInit
                0x0000000008003d20       0xfc Drivers/STM32F1xx_HAL_Driver/Src/stm32f1xx_ll_usb.o
                0x0000000008003d20                USB_DevInit
 .text.USB_ActivateEndpoint
                0x0000000008003e1c       0x8a Drivers/STM32F1xx_HAL_Driver/Src/stm32f1xx_ll_usb.o
                0x0000000008003e1c                USB_ActivateEndpoint
 .text.USB_DeactivateEndpoint
                0x0000000008003ea6       0x6a Drivers/STM32F1xx_HAL_Driver/Src/stm32f1xx_ll_usb.o
                0x0000000008003ea6                USB_DeactivateEndpoint
 .text.USB_EP0StartXfer
                0x0000000008003f10      0x122 Drivers/STM32F1xx_HAL_Driver/Src/stm32f1xx_ll_usb.o
                0x0000000008003f10                USB_EP0StartXfer
 .text.USB_WritePacket
                0x0000000008004032       0x22 Drivers/STM32F1xx_HAL_Driver/Src/stm32f1xx_ll_usb.o
                0x0000000008004032                USB_WritePacket
 .text.USB_EPStartXfer
                0x0000000008004054      0x1e4 Drivers/STM32F1xx_HAL_Driver/Src/stm32f1xx_ll_usb.o
                0x0000000008004054                USB_EPStartXfer
 .text.USB_ReadPacket
                0x0000000008004238       0x20 Drivers/STM32F1xx_HAL_Driver/Src/stm32f1xx_ll_usb.o
                0x0000000008004238                USB_ReadPacket
 .text.USB_EPSetStall
                0x0000000008004258       0x56 Drivers/STM32F1xx_HAL_Driver/Src/stm32f1xx_ll_usb.o
                0x0000000008004258                USB_EPSetStall
 .text.USB_EPClearStall
                0x00000000080042ae       0x5c Drivers/STM32F1xx_HAL_Driver/Src/stm32f1xx_ll_usb.o
                0x00000000080042ae                USB_EPClearStall
 .text.USB_SetDevAddress
                0x000000000800430a       0x20 Drivers/STM32F1xx_HAL_Driver/Src/stm32f1xx_ll_usb.o
                0x000000000800430a                USB_SetDevAddress
 .text.USB_DevConnect
                0x000000000800432a       0x18 Drivers/STM32F1xx_HAL_Driver/Src/stm32f1xx_ll_usb.o
                0x000000000800432a                USB_DevConnect
 .text.USB_DevDisconnect
                0x0000000008004342       0x18 Drivers/STM32F1xx_HAL_Driver/Src/stm32f1xx_ll_usb.o
                0x0000000008004342                USB_DevDisconnect
 .text.USB_ReadInterrupts
                0x000000000800435a        0x8 Drivers/STM32F1xx_HAL_Driver/Src/stm32f1xx_ll_usb.o
                0x000000000800435a                USB_ReadInterrupts
 .text.USB_ReadDevAllOutEpInterrupt
                0x0000000008004362       0x10 Drivers/STM32F1xx_HAL_Driver/Src/stm32f1xx_ll_usb.o
                0x0000000008004362                USB_ReadDevAllOutEpInterrupt
 .text.USB_ReadDevAllInEpInterrupt
                0x0000000008004372       0x10 Drivers/STM32F1xx_HAL_Driver/Src/stm32f1xx_ll_usb.o
                0x0000000008004372                USB_ReadDevAllInEpInterrupt
 .text.USB_ReadDevOutEPInterrupt
                0x0000000008004382       0x12 Drivers/STM32F1xx_HAL_Driver/Src/stm32f1xx_ll_usb.o
                0x0000000008004382                USB_ReadDevOutEPInterrupt
 .text.USB_ReadDevInEPInterrupt
                0x0000000008004394       0x1e Drivers/STM32F1xx_HAL_Driver/Src/stm32f1xx_ll_usb.o
                0x0000000008004394                USB_ReadDevInEPInterrupt
 .text.USB_GetMode
                0x00000000080043b2        0x8 Drivers/STM32F1xx_HAL_Driver/Src/stm32f1xx_ll_usb.o
                0x00000000080043b2                USB_GetMode
 .text.USB_ActivateSetup
                0x00000000080043ba       0x36 Drivers/STM32F1xx_HAL_Driver/Src/stm32f1xx_ll_usb.o
                0x00000000080043ba                USB_ActivateSetup
 .text.USB_EP0_OutStart
                0x00000000080043f0       0x22 Drivers/STM32F1xx_HAL_Driver/Src/stm32f1xx_ll_usb.o
                0x00000000080043f0                USB_EP0_OutStart
 *fill*         0x0000000008004412        0x2 
 .text.USB_CoreReset
                0x0000000008004414       0x68 Drivers/STM32F1xx_HAL_Driver/Src/stm32f1xx_ll_usb.o
 .text.USB_CoreInit
                0x000000000800447c       0x28 Drivers/STM32F1xx_HAL_Driver/Src/stm32f1xx_ll_usb.o
                0x000000000800447c                USB_CoreInit
 .text.SystemInit
                0x00000000080044a4       0x58 Drivers/CMSIS/Device/ST/STM32F1xx/Source/Templates/system_stm32f1xx.o
                0x00000000080044a4                SystemInit
 .text.Reset_Handler
                0x00000000080044fc       0x44 Drivers/CMSIS/Device/ST/STM32F1xx/Source/Templates/gcc/startup_stm32f105xc.o
                0x00000000080044fc                Reset_Handler
 .text.Default_Handler
                0x0000000008004540        0x2 Drivers/CMSIS/Device/ST/STM32F1xx/Source/Templates/gcc/startup_stm32f105xc.o
                0x0000000008004540                RTC_Alarm_IRQHandler
                0x0000000008004540                EXTI2_IRQHandler
                0x0000000008004540                TIM1_CC_IRQHandler
                0x0000000008004540                TIM6_IRQHandler
                0x0000000008004540                PVD_IRQHandler
                0x0000000008004540                PendSV_Handler
                0x0000000008004540                CAN2_RX1_IRQHandler
                0x0000000008004540                EXTI3_IRQHandler
                0x0000000008004540                EXTI0_IRQHandler
                0x0000000008004540                I2C2_EV_IRQHandler
                0x0000000008004540                CAN1_RX0_IRQHandler
                0x0000000008004540                CAN2_SCE_IRQHandler
                0x0000000008004540                ADC1_2_IRQHandler
                0x0000000008004540                SPI1_IRQHandler
                0x0000000008004540                TAMPER_IRQHandler
                0x0000000008004540                CAN2_RX0_IRQHandler
                0x0000000008004540                DMA2_Channel2_IRQHandler
                0x0000000008004540                DMA1_Channel4_IRQHandler
                0x0000000008004540                USART3_IRQHandler
                0x0000000008004540                RTC_IRQHandler
                0x0000000008004540                DMA1_Channel7_IRQHandler
                0x0000000008004540                CAN1_RX1_IRQHandler
                0x0000000008004540                UART5_IRQHandler
                0x0000000008004540                TIM4_IRQHandler
                0x0000000008004540                DMA2_Channel1_IRQHandler
                0x0000000008004540                I2C1_EV_IRQHandler
                0x0000000008004540                DMA1_Channel6_IRQHandler
                0x0000000008004540                UART4_IRQHandler
                0x0000000008004540                DMA2_Channel4_IRQHandler
                0x0000000008004540                TIM3_IRQHandler
                0x0000000008004540                RCC_IRQHandler
                0x0000000008004540                TIM1_TRG_COM_IRQHandler
                0x0000000008004540                DMA1_Channel1_IRQHandler
                0x0000000008004540                Default_Handler
                0x0000000008004540                EXTI15_10_IRQHandler
                0x0000000008004540                TIM7_IRQHandler
                0x0000000008004540                CAN2_TX_IRQHandler
                0x0000000008004540                TIM5_IRQHandler
                0x0000000008004540                EXTI9_5_IRQHandler
                0x0000000008004540                SPI2_IRQHandler
                0x0000000008004540                CAN1_TX_IRQHandler
                0x0000000008004540                SVC_Handler
                0x0000000008004540                DMA2_Channel5_IRQHandler
                0x0000000008004540                DMA1_Channel5_IRQHandler
                0x0000000008004540                EXTI4_IRQHandler
                0x0000000008004540                DMA1_Channel3_IRQHandler
                0x0000000008004540                TIM1_UP_IRQHandler
                0x0000000008004540                WWDG_IRQHandler
                0x0000000008004540                TIM2_IRQHandler
                0x0000000008004540                OTG_FS_WKUP_IRQHandler
                0x0000000008004540                TIM1_BRK_IRQHandler
                0x0000000008004540                EXTI1_IRQHandler
                0x0000000008004540                USART2_IRQHandler
                0x0000000008004540                I2C2_ER_IRQHandler
                0x0000000008004540                DMA1_Channel2_IRQHandler
                0x0000000008004540                CAN1_SCE_IRQHandler
                0x0000000008004540                FLASH_IRQHandler
                0x0000000008004540                USART1_IRQHandler
                0x0000000008004540                SPI3_IRQHandler
                0x0000000008004540                I2C1_ER_IRQHandler
                0x0000000008004540                DMA2_Channel3_IRQHandler
 *fill*         0x0000000008004542        0x2 
 .text.free     0x0000000008004544       0x10 /usr/lib/gcc/arm-none-eabi/4.9.3/../../../arm-none-eabi/lib/armv7-m/libc_nano.a(lib_a-malloc.o)
                0x0000000008004544                free
 .text.memset   0x0000000008004554       0x10 /usr/lib/gcc/arm-none-eabi/4.9.3/../../../arm-none-eabi/lib/armv7-m/libc_nano.a(lib_a-memset.o)
                0x0000000008004554                memset
 .text._free_r  0x0000000008004564       0x88 /usr/lib/gcc/arm-none-eabi/4.9.3/../../../arm-none-eabi/lib/armv7-m/libc_nano.a(lib_a-nano-freer.o)
                0x0000000008004564                _free_r
 *(.glue_7)
 .glue_7        0x00000000080045ec        0x0 linker stubs
 *(.glue_7t)
 .glue_7t       0x00000000080045ec        0x0 linker stubs
 *(.eh_frame)
 .eh_frame      0x00000000080045ec        0x0 /usr/lib/gcc/arm-none-eabi/4.9.3/armv7-m/crtbegin.o
 *(.init)
 .init          0x00000000080045ec        0x4 /usr/lib/gcc/arm-none-eabi/4.9.3/armv7-m/crti.o
                0x00000000080045ec                _init
 .init          0x00000000080045f0        0x8 /usr/lib/gcc/arm-none-eabi/4.9.3/armv7-m/crtn.o
 *(.fini)
 .fini          0x00000000080045f8        0x4 /usr/lib/gcc/arm-none-eabi/4.9.3/armv7-m/crti.o
                0x00000000080045f8                _fini
 .fini          0x00000000080045fc        0x8 /usr/lib/gcc/arm-none-eabi/4.9.3/armv7-m/crtn.o
                0x0000000008004604                . = ALIGN (0x4)
                0x0000000008004604                _etext = .

.vfp11_veneer   0x0000000008004604        0x0
 .vfp11_veneer  0x0000000008004604        0x0 linker stubs

.v4_bx          0x0000000008004604        0x0
 .v4_bx         0x0000000008004604        0x0 linker stubs

.iplt           0x0000000008004604        0x0
 .iplt          0x0000000008004604        0x0 /usr/lib/gcc/arm-none-eabi/4.9.3/armv7-m/crtbegin.o

.rodata         0x0000000008004604       0x80
                0x0000000008004604                . = ALIGN (0x4)
 *(.rodata)
 .rodata        0x0000000008004604       0x2c Drivers/STM32F1xx_HAL_Driver/Src/stm32f1xx_hal_rcc.o
                0x0000000008004620                aAPBAHBPrescTable
 *(.rodata*)
 .rodata.str1.1
                0x0000000008004630       0x4f Src/usbd_desc.o
 .rodata.str1.1
                0x000000000800467f        0x2 /usr/lib/gcc/arm-none-eabi/4.9.3/../../../arm-none-eabi/lib/armv7-m/libc_nano.a(lib_a-impure.o)
                0x0000000008004684                . = ALIGN (0x4)
 *fill*         0x0000000008004681        0x3 

.rel.dyn        0x0000000008004684        0x0
 .rel.iplt      0x0000000008004684        0x0 /usr/lib/gcc/arm-none-eabi/4.9.3/armv7-m/crtbegin.o

.ARM.extab
 *(.ARM.extab* .gnu.linkonce.armextab.*)

.ARM            0x0000000008004684        0x0
                0x0000000008004684                __exidx_start = .
 *(.ARM.exidx*)
                0x0000000008004684                __exidx_end = .

.preinit_array  0x0000000008004684        0x0
                0x0000000008004684                PROVIDE (__preinit_array_start, .)
 *(.preinit_array*)
                0x0000000008004684                PROVIDE (__preinit_array_end, .)

.init_array     0x0000000008004684        0x4
                0x0000000008004684                PROVIDE (__init_array_start, .)
 *(SORT(.init_array.*))
 *(.init_array*)
 .init_array    0x0000000008004684        0x4 /usr/lib/gcc/arm-none-eabi/4.9.3/armv7-m/crtbegin.o
                0x0000000008004688                PROVIDE (__init_array_end, .)

.fini_array     0x0000000008004688        0x4
                0x0000000008004688                PROVIDE (__fini_array_start, .)
 *(SORT(.fini_array.*))
 *(.fini_array*)
 .fini_array    0x0000000008004688        0x4 /usr/lib/gcc/arm-none-eabi/4.9.3/armv7-m/crtbegin.o
                0x000000000800468c                PROVIDE (__fini_array_end, .)
                0x000000000800468c                _sidata = LOADADDR (.data)

.data           0x0000000020000000      0x1bc load address 0x000000000800468c
                0x0000000020000000                . = ALIGN (0x4)
                0x0000000020000000                _sdata = .
 *(.data)
 .data          0x0000000020000000       0x10 Src/usbd_cdc_if.o
                0x0000000020000000                USBD_Interface_fops_FS
 .data          0x0000000020000010       0x34 Src/usbd_desc.o
                0x0000000020000010                USBD_FS_DeviceDesc
                0x0000000020000024                USBD_LangIDDesc
                0x0000000020000028                FS_Desc
 .data          0x0000000020000044      0x110 Middlewares/ST/STM32_USB_Device_Library/Class/CDC/Src/usbd_cdc.o
                0x0000000020000044                USBD_CDC_CfgFSDesc
                0x0000000020000088                USBD_CDC_CfgHSDesc
                0x00000000200000cc                USBD_CDC_OtherSpeedCfgDesc
                0x000000002000011c                USBD_CDC
 .data          0x0000000020000154        0x4 Drivers/CMSIS/Device/ST/STM32F1xx/Source/Templates/system_stm32f1xx.o
                0x0000000020000154                SystemCoreClock
 *(.data*)
 .data.impure_data
                0x0000000020000158       0x60 /usr/lib/gcc/arm-none-eabi/4.9.3/../../../arm-none-eabi/lib/armv7-m/libc_nano.a(lib_a-impure.o)
 .data._impure_ptr
                0x00000000200001b8        0x4 /usr/lib/gcc/arm-none-eabi/4.9.3/../../../arm-none-eabi/lib/armv7-m/libc_nano.a(lib_a-impure.o)
                0x00000000200001b8                _impure_ptr
                0x00000000200001bc                . = ALIGN (0x4)
                0x00000000200001bc                _edata = .

.jcr            0x00000000200001bc        0x0 load address 0x0000000008004848
 .jcr           0x00000000200001bc        0x0 /usr/lib/gcc/arm-none-eabi/4.9.3/armv7-m/crtbegin.o

.tm_clone_table
                0x00000000200001bc        0x0 load address 0x0000000008004848
 .tm_clone_table
                0x00000000200001bc        0x0 /usr/lib/gcc/arm-none-eabi/4.9.3/armv7-m/crtbegin.o
 .tm_clone_table
                0x00000000200001bc        0x0 /usr/lib/gcc/arm-none-eabi/4.9.3/armv7-m/crtend.o

.igot.plt       0x00000000200001bc        0x0 load address 0x0000000008004848
 .igot.plt      0x00000000200001bc        0x0 /usr/lib/gcc/arm-none-eabi/4.9.3/armv7-m/crtbegin.o
                0x00000000200001bc                . = ALIGN (0x4)

.bss            0x00000000200001bc      0xae8 load address 0x0000000008004848
                0x00000000200001bc                _sbss = .
                0x00000000200001bc                __bss_start__ = _sbss
 *(.bss)
 .bss           0x00000000200001bc       0x1c /usr/lib/gcc/arm-none-eabi/4.9.3/armv7-m/crtbegin.o
 .bss           0x00000000200001d8        0x8 Src/tfp_printf.o
 .bss           0x00000000200001e0        0x4 Src/usbd_cdc_if.o
                0x00000000200001e0                data_received
                0x00000000200001e2                read_len
 .bss           0x00000000200001e4       0xa0 Src/usbd_conf.o
 .bss           0x0000000020000284        0x1 Middlewares/ST/STM32_USB_Device_Library/Core/Src/usbd_ctlreq.o
 .bss           0x0000000020000285        0x1 Middlewares/ST/STM32_USB_Device_Library/Class/CDC/Src/usbd_cdc.o
 *fill*         0x0000000020000286        0x2 
 .bss           0x0000000020000288        0x4 Drivers/STM32F1xx_HAL_Driver/Src/stm32f1xx_hal.o
 .bss           0x000000002000028c        0x1 Drivers/STM32F1xx_HAL_Driver/Src/stm32f1xx_hal_spi_ex.o
                0x000000002000028c                uCRCErrorWorkaroundCheck
 *(.bss*)
 *fill*         0x000000002000028d        0x3 
 .bss.__malloc_free_list
                0x0000000020000290        0x4 /usr/lib/gcc/arm-none-eabi/4.9.3/../../../arm-none-eabi/lib/armv7-m/libc_nano.a(lib_a-nano-mallocr.o)
                0x0000000020000290                __malloc_free_list
 *(COMMON)
 COMMON         0x0000000020000294      0x224 Src/usb_device.o
                0x0000000020000294                hUsbDeviceFS
 COMMON         0x00000000200004b8      0x244 Src/usbd_cdc_if.o
                0x00000000200004b8                hUsbDevice_0
                0x00000000200004bc                TxBuffer
                0x00000000200004fc                ReceiveBuffer
 COMMON         0x00000000200006fc      0x3a8 Src/usbd_conf.o
                0x00000000200006fc                hpcd_USB_OTG_FS
 COMMON         0x0000000020000aa4      0x200 Src/usbd_desc.o
                0x0000000020000aa4                USBD_StrDesc
                0x0000000020000ca4                . = ALIGN (0x4)
                0x0000000020000ca4                _ebss = .
                0x0000000020000ca4                __bss_end__ = _ebss

._user_heap_stack
                0x0000000020000ca4      0x604 load address 0x0000000008004848
                0x0000000020000ca8                . = ALIGN (0x8)
 *fill*         0x0000000020000ca4        0x4 
                0x0000000020000ca8                PROVIDE (end, .)
                [!provide]                        PROVIDE (_end, .)
                0x0000000020000ea8                . = (. + _Min_Heap_Size)
 *fill*         0x0000000020000ca8      0x200 
                0x00000000200012a8                . = (. + _Min_Stack_Size)
 *fill*         0x0000000020000ea8      0x400 
                0x00000000200012a8                . = ALIGN (0x8)

/DISCARD/
 libc.a(*)
 libm.a(*)
 libgcc.a(*)

.ARM.attributes
                0x0000000000000000       0x29
 *(.ARM.attributes)
 .ARM.attributes
                0x0000000000000000       0x1d /usr/lib/gcc/arm-none-eabi/4.9.3/armv7-m/crti.o
 .ARM.attributes
                0x000000000000001d       0x2d /usr/lib/gcc/arm-none-eabi/4.9.3/armv7-m/crtbegin.o
 .ARM.attributes
                0x000000000000004a       0x33 Src/adc.o
 .ARM.attributes
                0x000000000000007d       0x33 Src/command.o
 .ARM.attributes
                0x00000000000000b0       0x33 Src/gpio.o
 .ARM.attributes
                0x00000000000000e3       0x33 Src/i2c.o
 .ARM.attributes
                0x0000000000000116       0x33 Src/main.o
 .ARM.attributes
                0x0000000000000149       0x33 Src/spi.o
 .ARM.attributes
                0x000000000000017c       0x33 Src/state.o
 .ARM.attributes
                0x00000000000001af       0x33 Src/stm32f1xx_hal_msp.o
 .ARM.attributes
                0x00000000000001e2       0x33 Src/stm32f1xx_it.o
 .ARM.attributes
                0x0000000000000215       0x33 Src/tfp_printf.o
 .ARM.attributes
                0x0000000000000248       0x33 Src/tim.o
 .ARM.attributes
                0x000000000000027b       0x33 Src/usart.o
 .ARM.attributes
                0x00000000000002ae       0x33 Src/usb_device.o
 .ARM.attributes
                0x00000000000002e1       0x33 Src/usbd_cdc_if.o
 .ARM.attributes
                0x0000000000000314       0x33 Src/usbd_conf.o
 .ARM.attributes
                0x0000000000000347       0x33 Src/usbd_desc.o
 .ARM.attributes
                0x000000000000037a       0x33 Middlewares/ST/STM32_USB_Device_Library/Core/Src/usbd_core.o
 .ARM.attributes
                0x00000000000003ad       0x33 Middlewares/ST/STM32_USB_Device_Library/Core/Src/usbd_ctlreq.o
 .ARM.attributes
                0x00000000000003e0       0x33 Middlewares/ST/STM32_USB_Device_Library/Core/Src/usbd_ioreq.o
 .ARM.attributes
                0x0000000000000413       0x33 Middlewares/ST/STM32_USB_Device_Library/Class/CDC/Src/usbd_cdc.o
 .ARM.attributes
                0x0000000000000446       0x33 Drivers/STM32F1xx_HAL_Driver/Src/stm32f1xx_hal.o
 .ARM.attributes
                0x0000000000000479       0x33 Drivers/STM32F1xx_HAL_Driver/Src/stm32f1xx_hal_adc.o
 .ARM.attributes
                0x00000000000004ac       0x33 Drivers/STM32F1xx_HAL_Driver/Src/stm32f1xx_hal_cortex.o
 .ARM.attributes
                0x00000000000004df       0x33 Drivers/STM32F1xx_HAL_Driver/Src/stm32f1xx_hal_gpio.o
 .ARM.attributes
                0x0000000000000512       0x33 Drivers/STM32F1xx_HAL_Driver/Src/stm32f1xx_hal_i2c.o
 .ARM.attributes
                0x0000000000000545       0x33 Drivers/STM32F1xx_HAL_Driver/Src/stm32f1xx_hal_pcd.o
 .ARM.attributes
                0x0000000000000578       0x33 Drivers/STM32F1xx_HAL_Driver/Src/stm32f1xx_hal_pcd_ex.o
 .ARM.attributes
                0x00000000000005ab       0x33 Drivers/STM32F1xx_HAL_Driver/Src/stm32f1xx_hal_rcc.o
 .ARM.attributes
                0x00000000000005de       0x33 Drivers/STM32F1xx_HAL_Driver/Src/stm32f1xx_hal_rcc_ex.o
 .ARM.attributes
                0x0000000000000611       0x33 Drivers/STM32F1xx_HAL_Driver/Src/stm32f1xx_hal_spi_ex.o
 .ARM.attributes
                0x0000000000000644       0x33 Drivers/STM32F1xx_HAL_Driver/Src/stm32f1xx_hal_tim.o
 .ARM.attributes
                0x0000000000000677       0x33 Drivers/STM32F1xx_HAL_Driver/Src/stm32f1xx_hal_tim_ex.o
 .ARM.attributes
                0x00000000000006aa       0x33 Drivers/STM32F1xx_HAL_Driver/Src/stm32f1xx_hal_uart.o
 .ARM.attributes
                0x00000000000006dd       0x33 Drivers/STM32F1xx_HAL_Driver/Src/stm32f1xx_ll_usb.o
 .ARM.attributes
                0x0000000000000710       0x33 Drivers/CMSIS/Device/ST/STM32F1xx/Source/Templates/system_stm32f1xx.o
 .ARM.attributes
                0x0000000000000743       0x21 Drivers/CMSIS/Device/ST/STM32F1xx/Source/Templates/gcc/startup_stm32f105xc.o
 .ARM.attributes
                0x0000000000000764       0x2d /usr/lib/gcc/arm-none-eabi/4.9.3/../../../arm-none-eabi/lib/armv7-m/libc_nano.a(lib_a-impure.o)
 .ARM.attributes
                0x0000000000000791       0x2d /usr/lib/gcc/arm-none-eabi/4.9.3/../../../arm-none-eabi/lib/armv7-m/libc_nano.a(lib_a-malloc.o)
 .ARM.attributes
                0x00000000000007be       0x2d /usr/lib/gcc/arm-none-eabi/4.9.3/../../../arm-none-eabi/lib/armv7-m/libc_nano.a(lib_a-memset.o)
 .ARM.attributes
                0x00000000000007eb       0x2d /usr/lib/gcc/arm-none-eabi/4.9.3/../../../arm-none-eabi/lib/armv7-m/libc_nano.a(lib_a-nano-freer.o)
 .ARM.attributes
                0x0000000000000818       0x2d /usr/lib/gcc/arm-none-eabi/4.9.3/../../../arm-none-eabi/lib/armv7-m/libc_nano.a(lib_a-nano-mallocr.o)
 .ARM.attributes
                0x0000000000000845       0x2d /usr/lib/gcc/arm-none-eabi/4.9.3/armv7-m/crtend.o
 .ARM.attributes
                0x0000000000000872       0x1d /usr/lib/gcc/arm-none-eabi/4.9.3/armv7-m/crtn.o
OUTPUT(MicroKitFirmware.elf elf32-littlearm)

.comment        0x0000000000000000       0x70
 .comment       0x0000000000000000       0x38 /usr/lib/gcc/arm-none-eabi/4.9.3/armv7-m/crtbegin.o
                                         0x39 (size before relaxing)
 .comment       0x0000000000000038       0x39 Src/adc.o
 .comment       0x0000000000000038       0x39 Src/command.o
 .comment       0x0000000000000038       0x39 Src/gpio.o
 .comment       0x0000000000000038       0x39 Src/i2c.o
 .comment       0x0000000000000038       0x39 Src/main.o
 .comment       0x0000000000000038       0x39 Src/spi.o
 .comment       0x0000000000000038       0x39 Src/state.o
 .comment       0x0000000000000038       0x39 Src/stm32f1xx_hal_msp.o
 .comment       0x0000000000000038       0x39 Src/stm32f1xx_it.o
 .comment       0x0000000000000038       0x39 Src/tfp_printf.o
 .comment       0x0000000000000038       0x39 Src/tim.o
 .comment       0x0000000000000038       0x39 Src/usart.o
 .comment       0x0000000000000038       0x39 Src/usb_device.o
 .comment       0x0000000000000038       0x39 Src/usbd_cdc_if.o
 .comment       0x0000000000000038       0x39 Src/usbd_conf.o
 .comment       0x0000000000000038       0x39 Src/usbd_desc.o
 .comment       0x0000000000000038       0x39 Middlewares/ST/STM32_USB_Device_Library/Core/Src/usbd_core.o
 .comment       0x0000000000000038       0x39 Middlewares/ST/STM32_USB_Device_Library/Core/Src/usbd_ctlreq.o
 .comment       0x0000000000000038       0x39 Middlewares/ST/STM32_USB_Device_Library/Core/Src/usbd_ioreq.o
 .comment       0x0000000000000038       0x39 Middlewares/ST/STM32_USB_Device_Library/Class/CDC/Src/usbd_cdc.o
 .comment       0x0000000000000038       0x39 Drivers/STM32F1xx_HAL_Driver/Src/stm32f1xx_hal.o
 .comment       0x0000000000000038       0x39 Drivers/STM32F1xx_HAL_Driver/Src/stm32f1xx_hal_adc.o
 .comment       0x0000000000000038       0x39 Drivers/STM32F1xx_HAL_Driver/Src/stm32f1xx_hal_cortex.o
 .comment       0x0000000000000038       0x39 Drivers/STM32F1xx_HAL_Driver/Src/stm32f1xx_hal_gpio.o
 .comment       0x0000000000000038       0x39 Drivers/STM32F1xx_HAL_Driver/Src/stm32f1xx_hal_i2c.o
 .comment       0x0000000000000038       0x39 Drivers/STM32F1xx_HAL_Driver/Src/stm32f1xx_hal_pcd.o
 .comment       0x0000000000000038       0x39 Drivers/STM32F1xx_HAL_Driver/Src/stm32f1xx_hal_pcd_ex.o
 .comment       0x0000000000000038       0x39 Drivers/STM32F1xx_HAL_Driver/Src/stm32f1xx_hal_rcc.o
 .comment       0x0000000000000038       0x39 Drivers/STM32F1xx_HAL_Driver/Src/stm32f1xx_hal_rcc_ex.o
 .comment       0x0000000000000038       0x39 Drivers/STM32F1xx_HAL_Driver/Src/stm32f1xx_hal_spi_ex.o
 .comment       0x0000000000000038       0x39 Drivers/STM32F1xx_HAL_Driver/Src/stm32f1xx_hal_tim.o
 .comment       0x0000000000000038       0x39 Drivers/STM32F1xx_HAL_Driver/Src/stm32f1xx_hal_tim_ex.o
 .comment       0x0000000000000038       0x39 Drivers/STM32F1xx_HAL_Driver/Src/stm32f1xx_hal_uart.o
 .comment       0x0000000000000038       0x39 Drivers/STM32F1xx_HAL_Driver/Src/stm32f1xx_ll_usb.o
 .comment       0x0000000000000038       0x39 Drivers/CMSIS/Device/ST/STM32F1xx/Source/Templates/system_stm32f1xx.o
 .comment       0x0000000000000038       0x38 /usr/lib/gcc/arm-none-eabi/4.9.3/../../../arm-none-eabi/lib/armv7-m/libc_nano.a(lib_a-impure.o)
                                         0x39 (size before relaxing)
 .comment       0x0000000000000070       0x39 /usr/lib/gcc/arm-none-eabi/4.9.3/../../../arm-none-eabi/lib/armv7-m/libc_nano.a(lib_a-malloc.o)
 .comment       0x0000000000000070       0x39 /usr/lib/gcc/arm-none-eabi/4.9.3/../../../arm-none-eabi/lib/armv7-m/libc_nano.a(lib_a-memset.o)
 .comment       0x0000000000000070       0x39 /usr/lib/gcc/arm-none-eabi/4.9.3/../../../arm-none-eabi/lib/armv7-m/libc_nano.a(lib_a-nano-freer.o)
 .comment       0x0000000000000070       0x39 /usr/lib/gcc/arm-none-eabi/4.9.3/../../../arm-none-eabi/lib/armv7-m/libc_nano.a(lib_a-nano-mallocr.o)
 .comment       0x0000000000000070       0x39 /usr/lib/gcc/arm-none-eabi/4.9.3/armv7-m/crtend.o

.debug_info     0x0000000000000000    0x22ef0
 .debug_info    0x0000000000000000     0x1258 Src/adc.o
 .debug_info    0x0000000000001258     0x1349 Src/command.o
 .debug_info    0x00000000000025a1      0x4c0 Src/gpio.o
 .debug_info    0x0000000000002a61     0x11cb Src/i2c.o
 .debug_info    0x0000000000003c2c     0x1685 Src/main.o
 .debug_info    0x00000000000052b1     0x118b Src/spi.o
 .debug_info    0x000000000000643c      0xedb Src/state.o
 .debug_info    0x0000000000007317      0x48a Src/stm32f1xx_hal_msp.o
 .debug_info    0x00000000000077a1      0x54d Src/stm32f1xx_it.o
 .debug_info    0x0000000000007cee      0x5b3 Src/tfp_printf.o
 .debug_info    0x00000000000082a1     0x12b8 Src/tim.o
 .debug_info    0x0000000000009559     0x11f7 Src/usart.o
 .debug_info    0x000000000000a750      0x678 Src/usb_device.o
 .debug_info    0x000000000000adc8      0x960 Src/usbd_cdc_if.o
 .debug_info    0x000000000000b728     0x191d Src/usbd_conf.o
 .debug_info    0x000000000000d045      0x4e0 Src/usbd_desc.o
 .debug_info    0x000000000000d525      0xcce Middlewares/ST/STM32_USB_Device_Library/Core/Src/usbd_core.o
 .debug_info    0x000000000000e1f3      0xc29 Middlewares/ST/STM32_USB_Device_Library/Core/Src/usbd_ctlreq.o
 .debug_info    0x000000000000ee1c      0x78f Middlewares/ST/STM32_USB_Device_Library/Core/Src/usbd_ioreq.o
 .debug_info    0x000000000000f5ab      0xcf1 Middlewares/ST/STM32_USB_Device_Library/Class/CDC/Src/usbd_cdc.o
 .debug_info    0x000000000001029c      0x732 Drivers/STM32F1xx_HAL_Driver/Src/stm32f1xx_hal.o
 .debug_info    0x00000000000109ce     0x10a4 Drivers/STM32F1xx_HAL_Driver/Src/stm32f1xx_hal_adc.o
 .debug_info    0x0000000000011a72      0xc67 Drivers/STM32F1xx_HAL_Driver/Src/stm32f1xx_hal_cortex.o
 .debug_info    0x00000000000126d9      0x616 Drivers/STM32F1xx_HAL_Driver/Src/stm32f1xx_hal_gpio.o
 .debug_info    0x0000000000012cef     0x2b62 Drivers/STM32F1xx_HAL_Driver/Src/stm32f1xx_hal_i2c.o
 .debug_info    0x0000000000015851     0x15c2 Drivers/STM32F1xx_HAL_Driver/Src/stm32f1xx_hal_pcd.o
 .debug_info    0x0000000000016e13      0x568 Drivers/STM32F1xx_HAL_Driver/Src/stm32f1xx_hal_pcd_ex.o
 .debug_info    0x000000000001737b     0x17ce Drivers/STM32F1xx_HAL_Driver/Src/stm32f1xx_hal_rcc.o
 .debug_info    0x0000000000018b49      0xca9 Drivers/STM32F1xx_HAL_Driver/Src/stm32f1xx_hal_rcc_ex.o
 .debug_info    0x00000000000197f2      0x5a5 Drivers/STM32F1xx_HAL_Driver/Src/stm32f1xx_hal_spi_ex.o
 .debug_info    0x0000000000019d97     0x3389 Drivers/STM32F1xx_HAL_Driver/Src/stm32f1xx_hal_tim.o
 .debug_info    0x000000000001d120     0x11cb Drivers/STM32F1xx_HAL_Driver/Src/stm32f1xx_hal_tim_ex.o
 .debug_info    0x000000000001e2eb     0x10d6 Drivers/STM32F1xx_HAL_Driver/Src/stm32f1xx_hal_uart.o
 .debug_info    0x000000000001f3c1     0x1531 Drivers/STM32F1xx_HAL_Driver/Src/stm32f1xx_ll_usb.o
 .debug_info    0x00000000000208f2      0x3e5 Drivers/CMSIS/Device/ST/STM32F1xx/Source/Templates/system_stm32f1xx.o
 .debug_info    0x0000000000020cd7       0x9d Drivers/CMSIS/Device/ST/STM32F1xx/Source/Templates/gcc/startup_stm32f105xc.o
 .debug_info    0x0000000000020d74      0x7d3 /usr/lib/gcc/arm-none-eabi/4.9.3/../../../arm-none-eabi/lib/armv7-m/libc_nano.a(lib_a-impure.o)
 .debug_info    0x0000000000021547      0x7c1 /usr/lib/gcc/arm-none-eabi/4.9.3/../../../arm-none-eabi/lib/armv7-m/libc_nano.a(lib_a-malloc.o)
 .debug_info    0x0000000000021d08       0xd3 /usr/lib/gcc/arm-none-eabi/4.9.3/../../../arm-none-eabi/lib/armv7-m/libc_nano.a(lib_a-memset.o)
 .debug_info    0x0000000000021ddb      0x81a /usr/lib/gcc/arm-none-eabi/4.9.3/../../../arm-none-eabi/lib/armv7-m/libc_nano.a(lib_a-nano-freer.o)
 .debug_info    0x00000000000225f5      0x8fb /usr/lib/gcc/arm-none-eabi/4.9.3/../../../arm-none-eabi/lib/armv7-m/libc_nano.a(lib_a-nano-mallocr.o)

.debug_abbrev   0x0000000000000000     0x5473
 .debug_abbrev  0x0000000000000000      0x1fe Src/adc.o
 .debug_abbrev  0x00000000000001fe      0x262 Src/command.o
 .debug_abbrev  0x0000000000000460      0x144 Src/gpio.o
 .debug_abbrev  0x00000000000005a4      0x201 Src/i2c.o
 .debug_abbrev  0x00000000000007a5      0x2da Src/main.o
 .debug_abbrev  0x0000000000000a7f      0x201 Src/spi.o
 .debug_abbrev  0x0000000000000c80      0x160 Src/state.o
 .debug_abbrev  0x0000000000000de0      0x133 Src/stm32f1xx_hal_msp.o
 .debug_abbrev  0x0000000000000f13      0x19f Src/stm32f1xx_it.o
 .debug_abbrev  0x00000000000010b2      0x25d Src/tfp_printf.o
 .debug_abbrev  0x000000000000130f      0x25d Src/tim.o
 .debug_abbrev  0x000000000000156c      0x201 Src/usart.o
 .debug_abbrev  0x000000000000176d      0x188 Src/usb_device.o
 .debug_abbrev  0x00000000000018f5      0x29f Src/usbd_cdc_if.o
 .debug_abbrev  0x0000000000001b94      0x2d7 Src/usbd_conf.o
 .debug_abbrev  0x0000000000001e6b      0x19c Src/usbd_desc.o
 .debug_abbrev  0x0000000000002007      0x27b Middlewares/ST/STM32_USB_Device_Library/Core/Src/usbd_core.o
 .debug_abbrev  0x0000000000002282      0x2dc Middlewares/ST/STM32_USB_Device_Library/Core/Src/usbd_ctlreq.o
 .debug_abbrev  0x000000000000255e      0x16d Middlewares/ST/STM32_USB_Device_Library/Core/Src/usbd_ioreq.o
 .debug_abbrev  0x00000000000026cb      0x274 Middlewares/ST/STM32_USB_Device_Library/Class/CDC/Src/usbd_cdc.o
 .debug_abbrev  0x000000000000293f      0x258 Drivers/STM32F1xx_HAL_Driver/Src/stm32f1xx_hal.o
 .debug_abbrev  0x0000000000002b97      0x2cd Drivers/STM32F1xx_HAL_Driver/Src/stm32f1xx_hal_adc.o
 .debug_abbrev  0x0000000000002e64      0x2cc Drivers/STM32F1xx_HAL_Driver/Src/stm32f1xx_hal_cortex.o
 .debug_abbrev  0x0000000000003130      0x1c9 Drivers/STM32F1xx_HAL_Driver/Src/stm32f1xx_hal_gpio.o
 .debug_abbrev  0x00000000000032f9      0x2e3 Drivers/STM32F1xx_HAL_Driver/Src/stm32f1xx_hal_i2c.o
 .debug_abbrev  0x00000000000035dc      0x324 Drivers/STM32F1xx_HAL_Driver/Src/stm32f1xx_hal_pcd.o
 .debug_abbrev  0x0000000000003900      0x17b Drivers/STM32F1xx_HAL_Driver/Src/stm32f1xx_hal_pcd_ex.o
 .debug_abbrev  0x0000000000003a7b      0x34a Drivers/STM32F1xx_HAL_Driver/Src/stm32f1xx_hal_rcc.o
 .debug_abbrev  0x0000000000003dc5      0x271 Drivers/STM32F1xx_HAL_Driver/Src/stm32f1xx_hal_rcc_ex.o
 .debug_abbrev  0x0000000000004036      0x15e Drivers/STM32F1xx_HAL_Driver/Src/stm32f1xx_hal_spi_ex.o
 .debug_abbrev  0x0000000000004194      0x327 Drivers/STM32F1xx_HAL_Driver/Src/stm32f1xx_hal_tim.o
 .debug_abbrev  0x00000000000044bb      0x22c Drivers/STM32F1xx_HAL_Driver/Src/stm32f1xx_hal_tim_ex.o
 .debug_abbrev  0x00000000000046e7      0x2b7 Drivers/STM32F1xx_HAL_Driver/Src/stm32f1xx_hal_uart.o
 .debug_abbrev  0x000000000000499e      0x256 Drivers/STM32F1xx_HAL_Driver/Src/stm32f1xx_ll_usb.o
 .debug_abbrev  0x0000000000004bf4      0x104 Drivers/CMSIS/Device/ST/STM32F1xx/Source/Templates/system_stm32f1xx.o
 .debug_abbrev  0x0000000000004cf8       0x12 Drivers/CMSIS/Device/ST/STM32F1xx/Source/Templates/gcc/startup_stm32f105xc.o
 .debug_abbrev  0x0000000000004d0a      0x136 /usr/lib/gcc/arm-none-eabi/4.9.3/../../../arm-none-eabi/lib/armv7-m/libc_nano.a(lib_a-impure.o)
 .debug_abbrev  0x0000000000004e40      0x19f /usr/lib/gcc/arm-none-eabi/4.9.3/../../../arm-none-eabi/lib/armv7-m/libc_nano.a(lib_a-malloc.o)
 .debug_abbrev  0x0000000000004fdf       0x8e /usr/lib/gcc/arm-none-eabi/4.9.3/../../../arm-none-eabi/lib/armv7-m/libc_nano.a(lib_a-memset.o)
 .debug_abbrev  0x000000000000506d      0x1b6 /usr/lib/gcc/arm-none-eabi/4.9.3/../../../arm-none-eabi/lib/armv7-m/libc_nano.a(lib_a-nano-freer.o)
 .debug_abbrev  0x0000000000005223      0x250 /usr/lib/gcc/arm-none-eabi/4.9.3/../../../arm-none-eabi/lib/armv7-m/libc_nano.a(lib_a-nano-mallocr.o)

.debug_loc      0x0000000000000000     0xf1e5
 .debug_loc     0x0000000000000000       0xda Src/adc.o
 .debug_loc     0x00000000000000da      0x3e2 Src/command.o
 .debug_loc     0x00000000000004bc       0x7c Src/i2c.o
 .debug_loc     0x0000000000000538       0x3f Src/main.o
 .debug_loc     0x0000000000000577       0x7c Src/spi.o
 .debug_loc     0x00000000000005f3       0x21 Src/state.o
 .debug_loc     0x0000000000000614      0x467 Src/tfp_printf.o
 .debug_loc     0x0000000000000a7b       0x7c Src/tim.o
 .debug_loc     0x0000000000000af7       0x7c Src/usart.o
 .debug_loc     0x0000000000000b73      0x22e Src/usbd_cdc_if.o
 .debug_loc     0x0000000000000da1      0x6ee Src/usbd_conf.o
 .debug_loc     0x000000000000148f      0x273 Src/usbd_desc.o
 .debug_loc     0x0000000000001702      0x645 Middlewares/ST/STM32_USB_Device_Library/Core/Src/usbd_core.o
 .debug_loc     0x0000000000001d47      0x741 Middlewares/ST/STM32_USB_Device_Library/Core/Src/usbd_ctlreq.o
 .debug_loc     0x0000000000002488      0x204 Middlewares/ST/STM32_USB_Device_Library/Core/Src/usbd_ioreq.o
 .debug_loc     0x000000000000268c      0x435 Middlewares/ST/STM32_USB_Device_Library/Class/CDC/Src/usbd_cdc.o
 .debug_loc     0x0000000000002ac1       0x6f Drivers/STM32F1xx_HAL_Driver/Src/stm32f1xx_hal.o
 .debug_loc     0x0000000000002b30      0xb13 Drivers/STM32F1xx_HAL_Driver/Src/stm32f1xx_hal_adc.o
 .debug_loc     0x0000000000003643      0x31e Drivers/STM32F1xx_HAL_Driver/Src/stm32f1xx_hal_cortex.o
 .debug_loc     0x0000000000003961      0x31f Drivers/STM32F1xx_HAL_Driver/Src/stm32f1xx_hal_gpio.o
 .debug_loc     0x0000000000003c80     0x2d56 Drivers/STM32F1xx_HAL_Driver/Src/stm32f1xx_hal_i2c.o
 .debug_loc     0x00000000000069d6      0xadf Drivers/STM32F1xx_HAL_Driver/Src/stm32f1xx_hal_pcd.o
 .debug_loc     0x00000000000074b5       0xda Drivers/STM32F1xx_HAL_Driver/Src/stm32f1xx_hal_pcd_ex.o
 .debug_loc     0x000000000000758f      0xeff Drivers/STM32F1xx_HAL_Driver/Src/stm32f1xx_hal_rcc.o
 .debug_loc     0x000000000000848e      0xaa2 Drivers/STM32F1xx_HAL_Driver/Src/stm32f1xx_hal_rcc_ex.o
 .debug_loc     0x0000000000008f30       0x63 Drivers/STM32F1xx_HAL_Driver/Src/stm32f1xx_hal_spi_ex.o
 .debug_loc     0x0000000000008f93     0x3261 Drivers/STM32F1xx_HAL_Driver/Src/stm32f1xx_hal_tim.o
 .debug_loc     0x000000000000c1f4      0xa5a Drivers/STM32F1xx_HAL_Driver/Src/stm32f1xx_hal_tim_ex.o
 .debug_loc     0x000000000000cc4e      0xd60 Drivers/STM32F1xx_HAL_Driver/Src/stm32f1xx_hal_uart.o
 .debug_loc     0x000000000000d9ae     0x120d Drivers/STM32F1xx_HAL_Driver/Src/stm32f1xx_ll_usb.o
 .debug_loc     0x000000000000ebbb      0x113 Drivers/CMSIS/Device/ST/STM32F1xx/Source/Templates/system_stm32f1xx.o
 .debug_loc     0x000000000000ecce       0x58 /usr/lib/gcc/arm-none-eabi/4.9.3/../../../arm-none-eabi/lib/armv7-m/libc_nano.a(lib_a-malloc.o)
 .debug_loc     0x000000000000ed26       0x49 /usr/lib/gcc/arm-none-eabi/4.9.3/../../../arm-none-eabi/lib/armv7-m/libc_nano.a(lib_a-memset.o)
 .debug_loc     0x000000000000ed6f      0x172 /usr/lib/gcc/arm-none-eabi/4.9.3/../../../arm-none-eabi/lib/armv7-m/libc_nano.a(lib_a-nano-freer.o)
 .debug_loc     0x000000000000eee1      0x304 /usr/lib/gcc/arm-none-eabi/4.9.3/../../../arm-none-eabi/lib/armv7-m/libc_nano.a(lib_a-nano-mallocr.o)

.debug_aranges  0x0000000000000000     0x14b8
 .debug_aranges
                0x0000000000000000       0x38 Src/adc.o
 .debug_aranges
                0x0000000000000038       0x38 Src/command.o
 .debug_aranges
                0x0000000000000070       0x20 Src/gpio.o
 .debug_aranges
                0x0000000000000090       0x30 Src/i2c.o
 .debug_aranges
                0x00000000000000c0       0x30 Src/main.o
 .debug_aranges
                0x00000000000000f0       0x30 Src/spi.o
 .debug_aranges
                0x0000000000000120       0x20 Src/state.o
 .debug_aranges
                0x0000000000000140       0x20 Src/stm32f1xx_hal_msp.o
 .debug_aranges
                0x0000000000000160       0x58 Src/stm32f1xx_it.o
 .debug_aranges
                0x00000000000001b8       0x50 Src/tfp_printf.o
 .debug_aranges
                0x0000000000000208       0x38 Src/tim.o
 .debug_aranges
                0x0000000000000240       0x30 Src/usart.o
 .debug_aranges
                0x0000000000000270       0x20 Src/usb_device.o
 .debug_aranges
                0x0000000000000290       0x58 Src/usbd_cdc_if.o
 .debug_aranges
                0x00000000000002e8      0x110 Src/usbd_conf.o
 .debug_aranges
                0x00000000000003f8       0x50 Src/usbd_desc.o
 .debug_aranges
                0x0000000000000448       0xb8 Middlewares/ST/STM32_USB_Device_Library/Core/Src/usbd_core.o
 .debug_aranges
                0x0000000000000500       0x48 Middlewares/ST/STM32_USB_Device_Library/Core/Src/usbd_ctlreq.o
 .debug_aranges
                0x0000000000000548       0x50 Middlewares/ST/STM32_USB_Device_Library/Core/Src/usbd_ioreq.o
 .debug_aranges
                0x0000000000000598       0x90 Middlewares/ST/STM32_USB_Device_Library/Class/CDC/Src/usbd_cdc.o
 .debug_aranges
                0x0000000000000628       0xb0 Drivers/STM32F1xx_HAL_Driver/Src/stm32f1xx_hal.o
 .debug_aranges
                0x00000000000006d8       0xf0 Drivers/STM32F1xx_HAL_Driver/Src/stm32f1xx_hal_adc.o
 .debug_aranges
                0x00000000000007c8       0x90 Drivers/STM32F1xx_HAL_Driver/Src/stm32f1xx_hal_cortex.o
 .debug_aranges
                0x0000000000000858       0x58 Drivers/STM32F1xx_HAL_Driver/Src/stm32f1xx_hal_gpio.o
 .debug_aranges
                0x00000000000008b0      0x1b0 Drivers/STM32F1xx_HAL_Driver/Src/stm32f1xx_hal_i2c.o
 .debug_aranges
                0x0000000000000a60      0x118 Drivers/STM32F1xx_HAL_Driver/Src/stm32f1xx_hal_pcd.o
 .debug_aranges
                0x0000000000000b78       0x30 Drivers/STM32F1xx_HAL_Driver/Src/stm32f1xx_hal_pcd_ex.o
 .debug_aranges
                0x0000000000000ba8       0x88 Drivers/STM32F1xx_HAL_Driver/Src/stm32f1xx_hal_rcc.o
 .debug_aranges
                0x0000000000000c30       0x50 Drivers/STM32F1xx_HAL_Driver/Src/stm32f1xx_hal_rcc_ex.o
 .debug_aranges
                0x0000000000000c80       0x28 Drivers/STM32F1xx_HAL_Driver/Src/stm32f1xx_hal_spi_ex.o
 .debug_aranges
                0x0000000000000ca8      0x330 Drivers/STM32F1xx_HAL_Driver/Src/stm32f1xx_hal_tim.o
 .debug_aranges
                0x0000000000000fd8      0x138 Drivers/STM32F1xx_HAL_Driver/Src/stm32f1xx_hal_tim_ex.o
 .debug_aranges
                0x0000000000001110      0x138 Drivers/STM32F1xx_HAL_Driver/Src/stm32f1xx_hal_uart.o
 .debug_aranges
                0x0000000000001248      0x180 Drivers/STM32F1xx_HAL_Driver/Src/stm32f1xx_ll_usb.o
 .debug_aranges
                0x00000000000013c8       0x28 Drivers/CMSIS/Device/ST/STM32F1xx/Source/Templates/system_stm32f1xx.o
 .debug_aranges
                0x00000000000013f0       0x28 Drivers/CMSIS/Device/ST/STM32F1xx/Source/Templates/gcc/startup_stm32f105xc.o
 .debug_aranges
                0x0000000000001418       0x18 /usr/lib/gcc/arm-none-eabi/4.9.3/../../../arm-none-eabi/lib/armv7-m/libc_nano.a(lib_a-impure.o)
 .debug_aranges
                0x0000000000001430       0x28 /usr/lib/gcc/arm-none-eabi/4.9.3/../../../arm-none-eabi/lib/armv7-m/libc_nano.a(lib_a-malloc.o)
 .debug_aranges
                0x0000000000001458       0x20 /usr/lib/gcc/arm-none-eabi/4.9.3/../../../arm-none-eabi/lib/armv7-m/libc_nano.a(lib_a-memset.o)
 .debug_aranges
                0x0000000000001478       0x20 /usr/lib/gcc/arm-none-eabi/4.9.3/../../../arm-none-eabi/lib/armv7-m/libc_nano.a(lib_a-nano-freer.o)
 .debug_aranges
                0x0000000000001498       0x20 /usr/lib/gcc/arm-none-eabi/4.9.3/../../../arm-none-eabi/lib/armv7-m/libc_nano.a(lib_a-nano-mallocr.o)

.debug_ranges   0x0000000000000000     0x1850
 .debug_ranges  0x0000000000000000       0x80 Src/adc.o
 .debug_ranges  0x0000000000000080       0x28 Src/command.o
 .debug_ranges  0x00000000000000a8       0x98 Src/gpio.o
 .debug_ranges  0x0000000000000140       0x20 Src/i2c.o
 .debug_ranges  0x0000000000000160       0x20 Src/main.o
 .debug_ranges  0x0000000000000180       0x40 Src/spi.o
 .debug_ranges  0x00000000000001c0       0x10 Src/state.o
 .debug_ranges  0x00000000000001d0       0x30 Src/stm32f1xx_hal_msp.o
 .debug_ranges  0x0000000000000200       0x48 Src/stm32f1xx_it.o
 .debug_ranges  0x0000000000000248       0x58 Src/tfp_printf.o
 .debug_ranges  0x00000000000002a0       0x28 Src/tim.o
 .debug_ranges  0x00000000000002c8       0x40 Src/usart.o
 .debug_ranges  0x0000000000000308       0x10 Src/usb_device.o
 .debug_ranges  0x0000000000000318       0x48 Src/usbd_cdc_if.o
 .debug_ranges  0x0000000000000360      0x128 Src/usbd_conf.o
 .debug_ranges  0x0000000000000488       0xa0 Src/usbd_desc.o
 .debug_ranges  0x0000000000000528       0xa8 Middlewares/ST/STM32_USB_Device_Library/Core/Src/usbd_core.o
 .debug_ranges  0x00000000000005d0       0x38 Middlewares/ST/STM32_USB_Device_Library/Core/Src/usbd_ctlreq.o
 .debug_ranges  0x0000000000000608       0x40 Middlewares/ST/STM32_USB_Device_Library/Core/Src/usbd_ioreq.o
 .debug_ranges  0x0000000000000648       0x80 Middlewares/ST/STM32_USB_Device_Library/Class/CDC/Src/usbd_cdc.o
 .debug_ranges  0x00000000000006c8       0xa0 Drivers/STM32F1xx_HAL_Driver/Src/stm32f1xx_hal.o
 .debug_ranges  0x0000000000000768       0xe0 Drivers/STM32F1xx_HAL_Driver/Src/stm32f1xx_hal_adc.o
 .debug_ranges  0x0000000000000848      0x130 Drivers/STM32F1xx_HAL_Driver/Src/stm32f1xx_hal_cortex.o
 .debug_ranges  0x0000000000000978       0x70 Drivers/STM32F1xx_HAL_Driver/Src/stm32f1xx_hal_gpio.o
 .debug_ranges  0x00000000000009e8      0x2d8 Drivers/STM32F1xx_HAL_Driver/Src/stm32f1xx_hal_i2c.o
 .debug_ranges  0x0000000000000cc0      0x108 Drivers/STM32F1xx_HAL_Driver/Src/stm32f1xx_hal_pcd.o
 .debug_ranges  0x0000000000000dc8       0x20 Drivers/STM32F1xx_HAL_Driver/Src/stm32f1xx_hal_pcd_ex.o
 .debug_ranges  0x0000000000000de8      0x148 Drivers/STM32F1xx_HAL_Driver/Src/stm32f1xx_hal_rcc.o
 .debug_ranges  0x0000000000000f30       0xa0 Drivers/STM32F1xx_HAL_Driver/Src/stm32f1xx_hal_rcc_ex.o
 .debug_ranges  0x0000000000000fd0       0x18 Drivers/STM32F1xx_HAL_Driver/Src/stm32f1xx_hal_spi_ex.o
 .debug_ranges  0x0000000000000fe8      0x3e0 Drivers/STM32F1xx_HAL_Driver/Src/stm32f1xx_hal_tim.o
 .debug_ranges  0x00000000000013c8      0x128 Drivers/STM32F1xx_HAL_Driver/Src/stm32f1xx_hal_tim_ex.o
 .debug_ranges  0x00000000000014f0      0x140 Drivers/STM32F1xx_HAL_Driver/Src/stm32f1xx_hal_uart.o
 .debug_ranges  0x0000000000001630      0x170 Drivers/STM32F1xx_HAL_Driver/Src/stm32f1xx_ll_usb.o
 .debug_ranges  0x00000000000017a0       0x18 Drivers/CMSIS/Device/ST/STM32F1xx/Source/Templates/system_stm32f1xx.o
 .debug_ranges  0x00000000000017b8       0x20 Drivers/CMSIS/Device/ST/STM32F1xx/Source/Templates/gcc/startup_stm32f105xc.o
 .debug_ranges  0x00000000000017d8       0x18 /usr/lib/gcc/arm-none-eabi/4.9.3/../../../arm-none-eabi/lib/armv7-m/libc_nano.a(lib_a-malloc.o)
 .debug_ranges  0x00000000000017f0       0x10 /usr/lib/gcc/arm-none-eabi/4.9.3/../../../arm-none-eabi/lib/armv7-m/libc_nano.a(lib_a-memset.o)
 .debug_ranges  0x0000000000001800       0x28 /usr/lib/gcc/arm-none-eabi/4.9.3/../../../arm-none-eabi/lib/armv7-m/libc_nano.a(lib_a-nano-freer.o)
 .debug_ranges  0x0000000000001828       0x28 /usr/lib/gcc/arm-none-eabi/4.9.3/../../../arm-none-eabi/lib/armv7-m/libc_nano.a(lib_a-nano-mallocr.o)

.debug_macro    0x0000000000000000    0x17db6
 .debug_macro   0x0000000000000000      0x2d3 Src/adc.o
 .debug_macro   0x00000000000002d3      0x874 Src/adc.o
 .debug_macro   0x0000000000000b47      0x100 Src/adc.o
 .debug_macro   0x0000000000000c47      0x1aa Src/adc.o
 .debug_macro   0x0000000000000df1       0x2e Src/adc.o
 .debug_macro   0x0000000000000e1f       0x22 Src/adc.o
 .debug_macro   0x0000000000000e41       0x22 Src/adc.o
 .debug_macro   0x0000000000000e63       0x44 Src/adc.o
 .debug_macro   0x0000000000000ea7       0xe3 Src/adc.o
 .debug_macro   0x0000000000000f8a       0x22 Src/adc.o
 .debug_macro   0x0000000000000fac      0x1df Src/adc.o
 .debug_macro   0x000000000000118b       0x34 Src/adc.o
 .debug_macro   0x00000000000011bf       0x34 Src/adc.o
 .debug_macro   0x00000000000011f3      0xb8e Src/adc.o
 .debug_macro   0x0000000000001d81     0x8c7b Src/adc.o
 .debug_macro   0x000000000000a9fc       0x43 Src/adc.o
 .debug_macro   0x000000000000aa3f     0x31c3 Src/adc.o
 .debug_macro   0x000000000000dc02       0x58 Src/adc.o
 .debug_macro   0x000000000000dc5a       0x35 Src/adc.o
 .debug_macro   0x000000000000dc8f       0x9c Src/adc.o
 .debug_macro   0x000000000000dd2b       0x16 Src/adc.o
 .debug_macro   0x000000000000dd41       0x97 Src/adc.o
 .debug_macro   0x000000000000ddd8      0x29d Src/adc.o
 .debug_macro   0x000000000000e075       0xef Src/adc.o
 .debug_macro   0x000000000000e164       0x10 Src/adc.o
 .debug_macro   0x000000000000e174       0x52 Src/adc.o
 .debug_macro   0x000000000000e1c6       0x16 Src/adc.o
 .debug_macro   0x000000000000e1dc       0x43 Src/adc.o
 .debug_macro   0x000000000000e21f      0x180 Src/adc.o
 .debug_macro   0x000000000000e39f       0x10 Src/adc.o
 .debug_macro   0x000000000000e3af       0x22 Src/adc.o
 .debug_macro   0x000000000000e3d1       0xbe Src/adc.o
 .debug_macro   0x000000000000e48f       0x16 Src/adc.o
 .debug_macro   0x000000000000e4a5      0x197 Src/adc.o
 .debug_macro   0x000000000000e63c       0x50 Src/adc.o
 .debug_macro   0x000000000000e68c      0x77f Src/adc.o
 .debug_macro   0x000000000000ee0b      0x649 Src/adc.o
 .debug_macro   0x000000000000f454      0x141 Src/adc.o
 .debug_macro   0x000000000000f595      0x1f9 Src/adc.o
 .debug_macro   0x000000000000f78e      0x1a7 Src/adc.o
 .debug_macro   0x000000000000f935       0x2a Src/adc.o
 .debug_macro   0x000000000000f95f       0x3c Src/adc.o
 .debug_macro   0x000000000000f99b       0x57 Src/adc.o
 .debug_macro   0x000000000000f9f2      0x46a Src/adc.o
 .debug_macro   0x000000000000fe5c      0x1c3 Src/adc.o
 .debug_macro   0x000000000001001f       0x8c Src/adc.o
 .debug_macro   0x00000000000100ab      0x250 Src/adc.o
 .debug_macro   0x00000000000102fb      0x225 Src/adc.o
 .debug_macro   0x0000000000010520      0x143 Src/adc.o
 .debug_macro   0x0000000000010663      0x1f4 Src/adc.o
 .debug_macro   0x0000000000010857      0x83e Src/adc.o
 .debug_macro   0x0000000000011095       0x11 Src/adc.o
 .debug_macro   0x00000000000110a6      0x256 Src/adc.o
 .debug_macro   0x00000000000112fc      0x1c3 Src/adc.o
 .debug_macro   0x00000000000114bf       0xba Src/adc.o
 .debug_macro   0x0000000000011579       0xd8 Src/adc.o
 .debug_macro   0x0000000000011651      0x38e Src/command.o
 .debug_macro   0x00000000000119df       0x16 Src/command.o
 .debug_macro   0x00000000000119f5       0x35 Src/command.o
 .debug_macro   0x0000000000011a2a       0x16 Src/command.o
 .debug_macro   0x0000000000011a40       0x29 Src/command.o
 .debug_macro   0x0000000000011a69       0x16 Src/command.o
 .debug_macro   0x0000000000011a7f       0x6a Src/command.o
 .debug_macro   0x0000000000011ae9      0x1c3 Src/command.o
 .debug_macro   0x0000000000011cac       0x83 Src/command.o
 .debug_macro   0x0000000000011d2f       0xa0 Src/command.o
 .debug_macro   0x0000000000011dcf      0x2bf Src/gpio.o
 .debug_macro   0x000000000001208e      0x2d3 Src/i2c.o
 .debug_macro   0x0000000000012361      0x3e6 Src/main.o
 .debug_macro   0x0000000000012747       0x52 Src/main.o
 .debug_macro   0x0000000000012799       0x10 Src/main.o
 .debug_macro   0x00000000000127a9       0x16 Src/main.o
 .debug_macro   0x00000000000127bf      0x2d3 Src/spi.o
 .debug_macro   0x0000000000012a92      0x2bf Src/state.o
 .debug_macro   0x0000000000012d51      0x2b5 Src/stm32f1xx_hal_msp.o
 .debug_macro   0x0000000000013006      0x2bf Src/stm32f1xx_it.o
 .debug_macro   0x00000000000132c5       0x29 Src/tfp_printf.o
 .debug_macro   0x00000000000132ee       0x58 Src/tfp_printf.o
 .debug_macro   0x0000000000013346      0x2c9 Src/tim.o
 .debug_macro   0x000000000001360f      0x2d3 Src/usart.o
 .debug_macro   0x00000000000138e2      0x37f Src/usb_device.o
 .debug_macro   0x0000000000013c61      0x35d Src/usbd_cdc_if.o
 .debug_macro   0x0000000000013fbe       0x4a Src/usbd_cdc_if.o
 .debug_macro   0x0000000000014008      0x361 Src/usbd_conf.o
 .debug_macro   0x0000000000014369      0x382 Src/usbd_desc.o
 .debug_macro   0x00000000000146eb      0x348 Middlewares/ST/STM32_USB_Device_Library/Core/Src/usbd_core.o
 .debug_macro   0x0000000000014a33      0x348 Middlewares/ST/STM32_USB_Device_Library/Core/Src/usbd_ctlreq.o
 .debug_macro   0x0000000000014d7b      0x344 Middlewares/ST/STM32_USB_Device_Library/Core/Src/usbd_ioreq.o
 .debug_macro   0x00000000000150bf      0x361 Middlewares/ST/STM32_USB_Device_Library/Class/CDC/Src/usbd_cdc.o
 .debug_macro   0x0000000000015420      0x2d9 Drivers/STM32F1xx_HAL_Driver/Src/stm32f1xx_hal.o
 .debug_macro   0x00000000000156f9      0x2d2 Drivers/STM32F1xx_HAL_Driver/Src/stm32f1xx_hal_adc.o
 .debug_macro   0x00000000000159cb      0x2b5 Drivers/STM32F1xx_HAL_Driver/Src/stm32f1xx_hal_cortex.o
 .debug_macro   0x0000000000015c80      0x325 Drivers/STM32F1xx_HAL_Driver/Src/stm32f1xx_hal_gpio.o
 .debug_macro   0x0000000000015fa5      0x2cb Drivers/STM32F1xx_HAL_Driver/Src/stm32f1xx_hal_i2c.o
 .debug_macro   0x0000000000016270      0x2c1 Drivers/STM32F1xx_HAL_Driver/Src/stm32f1xx_hal_pcd.o
 .debug_macro   0x0000000000016531      0x2b5 Drivers/STM32F1xx_HAL_Driver/Src/stm32f1xx_hal_pcd_ex.o
 .debug_macro   0x00000000000167e6      0x2c7 Drivers/STM32F1xx_HAL_Driver/Src/stm32f1xx_hal_rcc.o
 .debug_macro   0x0000000000016aad      0x2b5 Drivers/STM32F1xx_HAL_Driver/Src/stm32f1xx_hal_rcc_ex.o
 .debug_macro   0x0000000000016d62      0x2b5 Drivers/STM32F1xx_HAL_Driver/Src/stm32f1xx_hal_spi_ex.o
 .debug_macro   0x0000000000017017      0x2b6 Drivers/STM32F1xx_HAL_Driver/Src/stm32f1xx_hal_tim.o
 .debug_macro   0x00000000000172cd      0x2b5 Drivers/STM32F1xx_HAL_Driver/Src/stm32f1xx_hal_tim_ex.o
 .debug_macro   0x0000000000017582      0x2b6 Drivers/STM32F1xx_HAL_Driver/Src/stm32f1xx_hal_uart.o
 .debug_macro   0x0000000000017838      0x2c3 Drivers/STM32F1xx_HAL_Driver/Src/stm32f1xx_ll_usb.o
 .debug_macro   0x0000000000017afb      0x2bb Drivers/CMSIS/Device/ST/STM32F1xx/Source/Templates/system_stm32f1xx.o

.debug_line     0x0000000000000000    0x11dd1
 .debug_line    0x0000000000000000      0x5ca Src/adc.o
 .debug_line    0x00000000000005ca      0x741 Src/command.o
 .debug_line    0x0000000000000d0b      0x581 Src/gpio.o
 .debug_line    0x000000000000128c      0x567 Src/i2c.o
 .debug_line    0x00000000000017f3      0x716 Src/main.o
 .debug_line    0x0000000000001f09      0x574 Src/spi.o
 .debug_line    0x000000000000247d      0x5a2 Src/state.o
 .debug_line    0x0000000000002a1f      0x52c Src/stm32f1xx_hal_msp.o
 .debug_line    0x0000000000002f4b      0x5b9 Src/stm32f1xx_it.o
 .debug_line    0x0000000000003504      0x198 Src/tfp_printf.o
 .debug_line    0x000000000000369c      0x571 Src/tim.o
 .debug_line    0x0000000000003c0d      0x579 Src/usart.o
 .debug_line    0x0000000000004186      0x652 Src/usb_device.o
 .debug_line    0x00000000000047d8      0x6ef Src/usbd_cdc_if.o
 .debug_line    0x0000000000004ec7      0x86a Src/usbd_conf.o
 .debug_line    0x0000000000005731      0x65c Src/usbd_desc.o
 .debug_line    0x0000000000005d8d      0x7d1 Middlewares/ST/STM32_USB_Device_Library/Core/Src/usbd_core.o
 .debug_line    0x000000000000655e      0x709 Middlewares/ST/STM32_USB_Device_Library/Core/Src/usbd_ctlreq.o
 .debug_line    0x0000000000006c67      0x67f Middlewares/ST/STM32_USB_Device_Library/Core/Src/usbd_ioreq.o
 .debug_line    0x00000000000072e6      0x7c8 Middlewares/ST/STM32_USB_Device_Library/Class/CDC/Src/usbd_cdc.o
 .debug_line    0x0000000000007aae      0x69b Drivers/STM32F1xx_HAL_Driver/Src/stm32f1xx_hal.o
 .debug_line    0x0000000000008149      0xb32 Drivers/STM32F1xx_HAL_Driver/Src/stm32f1xx_hal_adc.o
 .debug_line    0x0000000000008c7b      0x6fb Drivers/STM32F1xx_HAL_Driver/Src/stm32f1xx_hal_cortex.o
 .debug_line    0x0000000000009376      0x6a7 Drivers/STM32F1xx_HAL_Driver/Src/stm32f1xx_hal_gpio.o
 .debug_line    0x0000000000009a1d     0x15b7 Drivers/STM32F1xx_HAL_Driver/Src/stm32f1xx_hal_i2c.o
 .debug_line    0x000000000000afd4      0xa55 Drivers/STM32F1xx_HAL_Driver/Src/stm32f1xx_hal_pcd.o
 .debug_line    0x000000000000ba29      0x578 Drivers/STM32F1xx_HAL_Driver/Src/stm32f1xx_hal_pcd_ex.o
 .debug_line    0x000000000000bfa1      0xb41 Drivers/STM32F1xx_HAL_Driver/Src/stm32f1xx_hal_rcc.o
 .debug_line    0x000000000000cae2      0x87f Drivers/STM32F1xx_HAL_Driver/Src/stm32f1xx_hal_rcc_ex.o
 .debug_line    0x000000000000d361      0x571 Drivers/STM32F1xx_HAL_Driver/Src/stm32f1xx_hal_spi_ex.o
 .debug_line    0x000000000000d8d2     0x15aa Drivers/STM32F1xx_HAL_Driver/Src/stm32f1xx_hal_tim.o
 .debug_line    0x000000000000ee7c      0xb18 Drivers/STM32F1xx_HAL_Driver/Src/stm32f1xx_hal_tim_ex.o
 .debug_line    0x000000000000f994      0xce6 Drivers/STM32F1xx_HAL_Driver/Src/stm32f1xx_hal_uart.o
 .debug_line    0x000000000001067a      0xae8 Drivers/STM32F1xx_HAL_Driver/Src/stm32f1xx_ll_usb.o
 .debug_line    0x0000000000011162      0x597 Drivers/CMSIS/Device/ST/STM32F1xx/Source/Templates/system_stm32f1xx.o
 .debug_line    0x00000000000116f9       0xad Drivers/CMSIS/Device/ST/STM32F1xx/Source/Templates/gcc/startup_stm32f105xc.o
 .debug_line    0x00000000000117a6       0xf1 /usr/lib/gcc/arm-none-eabi/4.9.3/../../../arm-none-eabi/lib/armv7-m/libc_nano.a(lib_a-impure.o)
 .debug_line    0x0000000000011897      0x16e /usr/lib/gcc/arm-none-eabi/4.9.3/../../../arm-none-eabi/lib/armv7-m/libc_nano.a(lib_a-malloc.o)
 .debug_line    0x0000000000011a05       0xee /usr/lib/gcc/arm-none-eabi/4.9.3/../../../arm-none-eabi/lib/armv7-m/libc_nano.a(lib_a-memset.o)
 .debug_line    0x0000000000011af3      0x145 /usr/lib/gcc/arm-none-eabi/4.9.3/../../../arm-none-eabi/lib/armv7-m/libc_nano.a(lib_a-nano-freer.o)
 .debug_line    0x0000000000011c38      0x199 /usr/lib/gcc/arm-none-eabi/4.9.3/../../../arm-none-eabi/lib/armv7-m/libc_nano.a(lib_a-nano-mallocr.o)

.debug_str      0x0000000000000000    0x7b4f4
 .debug_str     0x0000000000000000    0x74d14 Src/adc.o
                                      0x751a6 (size before relaxing)
 .debug_str     0x0000000000074d14      0xffd Src/command.o
                                      0x760cf (size before relaxing)
 .debug_str     0x0000000000075d11       0x57 Src/gpio.o
                                      0x74689 (size before relaxing)
 .debug_str     0x0000000000075d68       0x35 Src/i2c.o
                                      0x751cc (size before relaxing)
 .debug_str     0x0000000000075d9d      0x7cd Src/main.o
                                      0x7668b (size before relaxing)
 .debug_str     0x000000000007656a       0x41 Src/spi.o
                                      0x75190 (size before relaxing)
 .debug_str     0x00000000000765ab        0xf Src/state.o
                                      0x75071 (size before relaxing)
 .debug_str     0x00000000000765ba       0x72 Src/stm32f1xx_hal_msp.o
                                      0x749f8 (size before relaxing)
 .debug_str     0x000000000007662c      0x364 Src/stm32f1xx_it.o
                                      0x7494c (size before relaxing)
 .debug_str     0x0000000000076990       0x65 Src/tfp_printf.o